 
****************************************
Report : area
Design : UART_TX
Version: O-2018.06-SP1
Date   : Mon Sep  7 07:02:26 2026
****************************************

Library(s) Used:

    scmetro_tsmc_cl013g_rvt_ss_1p08v_125c (File: /home/ICer/Labs/Ass_Syn_2.0/std_cells/scmetro_tsmc_cl013g_rvt_ss_1p08v_125c.db)

Number of ports:                           80
Number of nets:                           163
Number of cells:                           92
Number of combinational cells:             71
Number of sequential cells:                15
Number of macros/black boxes:               0
Number of buf/inv:                         21
Number of references:                       7

Combinational area:                490.683907
Buf/Inv area:                       88.252502
Noncombinational area:             503.627617
Macro/Black Box area:                0.000000
Net Interconnect area:           11806.725708

Total cell area:                   994.311524
Total area:                      12801.037232

Hierarchical area distribution
------------------------------

                                  Global cell area          Local cell area
                                  ------------------  --------------------------- 
Hierarchical cell                 Absolute   Percent  Combi-    Noncombi-  Black-
                                  Total      Total    national  national   boxes   Design
--------------------------------  ---------  -------  --------  ---------  ------  ------------------
UART_TX                            994.3115    100.0    9.4136     0.0000  0.0000  UART_TX
FSM                                212.9827     21.4  114.1399    98.8428  0.0000  FSM_test_1
MUX                                 30.5942      3.1   30.5942     0.0000  0.0000  MUX
Parity_calc                        134.1438     13.5  101.1962    32.9476  0.0000  Parity_calc_test_1
U0                                  11.7670      1.2   11.7670     0.0000  0.0000  MUX2_1_1
U1                                  12.9437      1.3   12.9437     0.0000  0.0000  MUX2_1_0
serializer                         582.4665     58.6  210.6293   371.8372  0.0000  serializer_test_1
--------------------------------  ---------  -------  --------  ---------  ------  ------------------
Total                                                 490.6839   503.6276  0.0000

1
