In mode: Internal_scan...
  Design has scan chains in this mode
  Design is scan routed
  Post-DFT DRC enabled

Information: Starting test design rule checking. (TEST-222)
  Loading test protocol
  ...basic checks...
  ...basic sequential cell checks...
  ...checking vector rules...
  ...checking clock rules...
  ...checking scan chain rules...
  ...checking scan compression rules...
  ...checking X-state rules...
  ...checking tristate rules...
  ...extracting scan details...

-----------------------------------------------------------------
  DRC Report

  Total violations: 0

-----------------------------------------------------------------


Test Design rule checking did not find violations

-----------------------------------------------------------------
  Sequential Cell Report

  0 out of 15 sequential cells have violations

-----------------------------------------------------------------

SEQUENTIAL CELLS WITHOUT VIOLATIONS
      *  15 cells are valid scan cells
         FSM/current_state_reg[0]
         FSM/current_state_reg[2]
         FSM/current_state_reg[1]
         serializer/shift_register_reg[6]
         serializer/shift_register_reg[5]
         serializer/shift_register_reg[4]
         serializer/shift_register_reg[3]
         serializer/shift_register_reg[2]
         serializer/shift_register_reg[0]
         serializer/shift_register_reg[1]
         serializer/count_reg[2]
         serializer/count_reg[1]
         serializer/count_reg[0]
         serializer/shift_register_reg[7]
         Parity_calc/Par_bit_reg

....Inferring feed-through connections....
Information: Test design rule checking completed. (TEST-123)
  Running test coverage estimation...
 714 faults were added to fault list.
 0             507     61         0/0/0    89.92%      0.01
 0              60      0         1/0/0    98.46%      0.01
 
            Pattern Summary Report
 -----------------------------------------------
 #internal patterns                           0
 -----------------------------------------------
 

     Uncollapsed Stuck Fault Summary Report
 -----------------------------------------------
 fault class                     code   #faults
 ------------------------------  ----  ---------
 Detected                         DT        702
 Possibly detected                PT          0
 Undetectable                     UD          1
 ATPG untestable                  AU         11
 Not detected                     ND          0
 -----------------------------------------------
 total faults                               714
 test coverage                            98.46%
 -----------------------------------------------
  Information: The test coverage above may be inferior
               than the real test coverage with customized
               protocol and test simulation library.
1
