Loading db file '/home/ICer/Labs/Ass_Syn_2.0/std_cells/scmetro_tsmc_cl013g_rvt_ss_1p08v_125c.db'
Information: Propagating switching activity (low effort zero delay simulation). (PWR-6)
Warning: Design has unannotated primary inputs. (PWR-414)
Warning: Design has unannotated sequential cell outputs. (PWR-415)
 
****************************************
Report : power
        -hier
        -analysis_effort low
Design : UART_TX
Version: O-2018.06-SP1
Date   : Mon Sep  7 07:02:26 2026
****************************************


Library(s) Used:

    scmetro_tsmc_cl013g_rvt_ss_1p08v_125c (File: /home/ICer/Labs/Ass_Syn_2.0/std_cells/scmetro_tsmc_cl013g_rvt_ss_1p08v_125c.db)


Operating Conditions: scmetro_tsmc_cl013g_rvt_ss_1p08v_125c   Library: scmetro_tsmc_cl013g_rvt_ss_1p08v_125c
Wire Load Model Mode: top

Design        Wire Load Model            Library
------------------------------------------------
UART_TX                tsmc13_wl10       scmetro_tsmc_cl013g_rvt_ff_1p32v_m40c


Global Operating Voltage = 1.08 
Power-specific unit information :
    Voltage Units = 1V
    Capacitance Units = 1.000000pf
    Time Units = 1ns
    Dynamic Power Units = 1mW    (derived from V,C,T units)
    Leakage Power Units = 1pW


--------------------------------------------------------------------------------
                                       Switch   Int      Leak     Total
Hierarchy                              Power    Power    Power    Power    %
--------------------------------------------------------------------------------
UART_TX                                1.37e-04 1.01e-04 5.76e+05 8.14e-04 100.0
  U1 (MUX2_1_0)                        1.29e-05 1.17e-06 1.34e+04 2.75e-05   3.4
  U0 (MUX2_1_1)                        2.40e-05 2.44e-06 1.37e+04 4.01e-05   4.9
  MUX (MUX)                            1.34e-05 9.97e-07 2.48e+04 3.92e-05   4.8
  Parity_calc (Parity_calc_test_1)     1.64e-05 2.40e-05 1.06e+05 1.47e-04  18.0
  serializer (serializer_test_1)       4.40e-05 5.64e-05 2.93e+05 3.93e-04  48.3
  FSM (FSM_test_1)                     2.16e-05 1.51e-05 1.17e+05 1.53e-04  18.8
1
