 
****************************************
Report : timing
        -path full
        -delay max
        -max_paths 100
Design : UART_TX
Version: O-2018.06-SP1
Date   : Mon Sep  7 07:02:26 2026
****************************************

Operating Conditions: scmetro_tsmc_cl013g_rvt_ss_1p08v_125c   Library: scmetro_tsmc_cl013g_rvt_ss_1p08v_125c
Wire Load Model Mode: top

  Startpoint: Data_Valid (input port clocked by CLK)
  Endpoint: serializer/count_reg[2]
            (rising edge-triggered flip-flop clocked by CLK)
  Path Group: CLK
  Path Type: max

  Des/Clust/Port     Wire Load Model       Library
  ------------------------------------------------
  UART_TX            tsmc13_wl10           scmetro_tsmc_cl013g_rvt_ff_1p32v_m40c

  Point                                                   Incr       Path
  --------------------------------------------------------------------------
  clock CLK (rise edge)                                   0.00       0.00
  clock network delay (ideal)                             0.00       0.00
  input external delay                                 2604.17    2604.17 r
  Data_Valid (in)                                         0.07    2604.23 r
  U2/Y (BUFX2M)                                           0.29    2604.52 r
  serializer/Data_Valid (serializer_test_1)               0.00    2604.52 r
  serializer/U20/Y (NOR2BXLM)                             0.48    2605.00 r
  serializer/U14/Y (BUFX2M)                               0.89    2605.90 r
  serializer/U18/Y (INVX2M)                               0.31    2606.20 f
  serializer/U17/Y (NAND2X2M)                             0.34    2606.54 r
  serializer/U15/Y (INVX2M)                               0.47    2607.01 f
  serializer/U19/Y (AOI21X2M)                             0.49    2607.50 r
  serializer/U23/Y (OA21X2M)                              0.27    2607.77 r
  serializer/U22/Y (OAI32X1M)                             0.19    2607.96 f
  serializer/count_reg[2]/D (SDFFRQX2M)                   0.00    2607.96 f
  data arrival time                                               2607.96

  clock CLK (rise edge)                                8680.56    8680.56
  clock network delay (ideal)                             0.00    8680.56
  clock uncertainty                                      -0.25    8680.31
  serializer/count_reg[2]/CK (SDFFRQX2M)                  0.00    8680.31 r
  library setup time                                     -0.43    8679.88
  data required time                                              8679.88
  --------------------------------------------------------------------------
  data required time                                              8679.88
  data arrival time                                              -2607.96
  --------------------------------------------------------------------------
  slack (MET)                                                     6071.91


  Startpoint: Data_Valid (input port clocked by CLK)
  Endpoint: serializer/shift_register_reg[7]
            (rising edge-triggered flip-flop clocked by CLK)
  Path Group: CLK
  Path Type: max

  Des/Clust/Port     Wire Load Model       Library
  ------------------------------------------------
  UART_TX            tsmc13_wl10           scmetro_tsmc_cl013g_rvt_ff_1p32v_m40c

  Point                                                   Incr       Path
  --------------------------------------------------------------------------
  clock CLK (rise edge)                                   0.00       0.00
  clock network delay (ideal)                             0.00       0.00
  input external delay                                 2604.17    2604.17 r
  Data_Valid (in)                                         0.07    2604.23 r
  U2/Y (BUFX2M)                                           0.29    2604.52 r
  serializer/Data_Valid (serializer_test_1)               0.00    2604.52 r
  serializer/U20/Y (NOR2BXLM)                             0.48    2605.00 r
  serializer/U14/Y (BUFX2M)                               0.89    2605.90 r
  serializer/U18/Y (INVX2M)                               0.31    2606.20 f
  serializer/U17/Y (NAND2X2M)                             0.34    2606.54 r
  serializer/U15/Y (INVX2M)                               0.47    2607.01 f
  serializer/U16/Y (NOR2X4M)                              0.69    2607.70 r
  serializer/U41/Y (AO22X1M)                              0.34    2608.04 r
  serializer/shift_register_reg[7]/D (SDFFRHQX8M)         0.00    2608.04 r
  data arrival time                                               2608.04

  clock CLK (rise edge)                                8680.56    8680.56
  clock network delay (ideal)                             0.00    8680.56
  clock uncertainty                                      -0.25    8680.31
  serializer/shift_register_reg[7]/CK (SDFFRHQX8M)        0.00    8680.31 r
  library setup time                                     -0.23    8680.07
  data required time                                              8680.07
  --------------------------------------------------------------------------
  data required time                                              8680.07
  data arrival time                                              -2608.04
  --------------------------------------------------------------------------
  slack (MET)                                                     6072.03


  Startpoint: Data_Valid (input port clocked by CLK)
  Endpoint: serializer/shift_register_reg[0]
            (rising edge-triggered flip-flop clocked by CLK)
  Path Group: CLK
  Path Type: max

  Des/Clust/Port     Wire Load Model       Library
  ------------------------------------------------
  UART_TX            tsmc13_wl10           scmetro_tsmc_cl013g_rvt_ff_1p32v_m40c

  Point                                                   Incr       Path
  --------------------------------------------------------------------------
  clock CLK (rise edge)                                   0.00       0.00
  clock network delay (ideal)                             0.00       0.00
  input external delay                                 2604.17    2604.17 r
  Data_Valid (in)                                         0.07    2604.23 r
  U2/Y (BUFX2M)                                           0.29    2604.52 r
  serializer/Data_Valid (serializer_test_1)               0.00    2604.52 r
  serializer/U20/Y (NOR2BXLM)                             0.48    2605.00 r
  serializer/U14/Y (BUFX2M)                               0.89    2605.90 r
  serializer/U18/Y (INVX2M)                               0.31    2606.20 f
  serializer/U17/Y (NAND2X2M)                             0.34    2606.54 r
  serializer/U15/Y (INVX2M)                               0.47    2607.01 f
  serializer/U16/Y (NOR2X4M)                              0.69    2607.70 r
  serializer/U37/Y (OAI2BB1X2M)                           0.28    2607.97 r
  serializer/shift_register_reg[0]/D (SDFFRQX2M)          0.00    2607.97 r
  data arrival time                                               2607.97

  clock CLK (rise edge)                                8680.56    8680.56
  clock network delay (ideal)                             0.00    8680.56
  clock uncertainty                                      -0.25    8680.31
  serializer/shift_register_reg[0]/CK (SDFFRQX2M)         0.00    8680.31 r
  library setup time                                     -0.28    8680.02
  data required time                                              8680.02
  --------------------------------------------------------------------------
  data required time                                              8680.02
  data arrival time                                              -2607.97
  --------------------------------------------------------------------------
  slack (MET)                                                     6072.05


  Startpoint: Data_Valid (input port clocked by CLK)
  Endpoint: serializer/shift_register_reg[1]
            (rising edge-triggered flip-flop clocked by CLK)
  Path Group: CLK
  Path Type: max

  Des/Clust/Port     Wire Load Model       Library
  ------------------------------------------------
  UART_TX            tsmc13_wl10           scmetro_tsmc_cl013g_rvt_ff_1p32v_m40c

  Point                                                   Incr       Path
  --------------------------------------------------------------------------
  clock CLK (rise edge)                                   0.00       0.00
  clock network delay (ideal)                             0.00       0.00
  input external delay                                 2604.17    2604.17 r
  Data_Valid (in)                                         0.07    2604.23 r
  U2/Y (BUFX2M)                                           0.29    2604.52 r
  serializer/Data_Valid (serializer_test_1)               0.00    2604.52 r
  serializer/U20/Y (NOR2BXLM)                             0.48    2605.00 r
  serializer/U14/Y (BUFX2M)                               0.89    2605.90 r
  serializer/U18/Y (INVX2M)                               0.31    2606.20 f
  serializer/U17/Y (NAND2X2M)                             0.34    2606.54 r
  serializer/U15/Y (INVX2M)                               0.47    2607.01 f
  serializer/U16/Y (NOR2X4M)                              0.69    2607.70 r
  serializer/U33/Y (OAI2BB1X2M)                           0.28    2607.97 r
  serializer/shift_register_reg[1]/D (SDFFRQX2M)          0.00    2607.97 r
  data arrival time                                               2607.97

  clock CLK (rise edge)                                8680.56    8680.56
  clock network delay (ideal)                             0.00    8680.56
  clock uncertainty                                      -0.25    8680.31
  serializer/shift_register_reg[1]/CK (SDFFRQX2M)         0.00    8680.31 r
  library setup time                                     -0.28    8680.02
  data required time                                              8680.02
  --------------------------------------------------------------------------
  data required time                                              8680.02
  data arrival time                                              -2607.97
  --------------------------------------------------------------------------
  slack (MET)                                                     6072.05


  Startpoint: Data_Valid (input port clocked by CLK)
  Endpoint: serializer/shift_register_reg[6]
            (rising edge-triggered flip-flop clocked by CLK)
  Path Group: CLK
  Path Type: max

  Des/Clust/Port     Wire Load Model       Library
  ------------------------------------------------
  UART_TX            tsmc13_wl10           scmetro_tsmc_cl013g_rvt_ff_1p32v_m40c

  Point                                                   Incr       Path
  --------------------------------------------------------------------------
  clock CLK (rise edge)                                   0.00       0.00
  clock network delay (ideal)                             0.00       0.00
  input external delay                                 2604.17    2604.17 r
  Data_Valid (in)                                         0.07    2604.23 r
  U2/Y (BUFX2M)                                           0.29    2604.52 r
  serializer/Data_Valid (serializer_test_1)               0.00    2604.52 r
  serializer/U20/Y (NOR2BXLM)                             0.48    2605.00 r
  serializer/U14/Y (BUFX2M)                               0.89    2605.90 r
  serializer/U18/Y (INVX2M)                               0.31    2606.20 f
  serializer/U17/Y (NAND2X2M)                             0.34    2606.54 r
  serializer/U15/Y (INVX2M)                               0.47    2607.01 f
  serializer/U16/Y (NOR2X4M)                              0.69    2607.70 r
  serializer/U27/Y (OAI2BB1X2M)                           0.26    2607.96 r
  serializer/shift_register_reg[6]/D (SDFFRQX2M)          0.00    2607.96 r
  data arrival time                                               2607.96

  clock CLK (rise edge)                                8680.56    8680.56
  clock network delay (ideal)                             0.00    8680.56
  clock uncertainty                                      -0.25    8680.31
  serializer/shift_register_reg[6]/CK (SDFFRQX2M)         0.00    8680.31 r
  library setup time                                     -0.28    8680.02
  data required time                                              8680.02
  --------------------------------------------------------------------------
  data required time                                              8680.02
  data arrival time                                              -2607.96
  --------------------------------------------------------------------------
  slack (MET)                                                     6072.07


  Startpoint: Data_Valid (input port clocked by CLK)
  Endpoint: serializer/shift_register_reg[5]
            (rising edge-triggered flip-flop clocked by CLK)
  Path Group: CLK
  Path Type: max

  Des/Clust/Port     Wire Load Model       Library
  ------------------------------------------------
  UART_TX            tsmc13_wl10           scmetro_tsmc_cl013g_rvt_ff_1p32v_m40c

  Point                                                   Incr       Path
  --------------------------------------------------------------------------
  clock CLK (rise edge)                                   0.00       0.00
  clock network delay (ideal)                             0.00       0.00
  input external delay                                 2604.17    2604.17 r
  Data_Valid (in)                                         0.07    2604.23 r
  U2/Y (BUFX2M)                                           0.29    2604.52 r
  serializer/Data_Valid (serializer_test_1)               0.00    2604.52 r
  serializer/U20/Y (NOR2BXLM)                             0.48    2605.00 r
  serializer/U14/Y (BUFX2M)                               0.89    2605.90 r
  serializer/U18/Y (INVX2M)                               0.31    2606.20 f
  serializer/U17/Y (NAND2X2M)                             0.34    2606.54 r
  serializer/U15/Y (INVX2M)                               0.47    2607.01 f
  serializer/U16/Y (NOR2X4M)                              0.69    2607.70 r
  serializer/U35/Y (OAI2BB1X2M)                           0.26    2607.96 r
  serializer/shift_register_reg[5]/D (SDFFRQX2M)          0.00    2607.96 r
  data arrival time                                               2607.96

  clock CLK (rise edge)                                8680.56    8680.56
  clock network delay (ideal)                             0.00    8680.56
  clock uncertainty                                      -0.25    8680.31
  serializer/shift_register_reg[5]/CK (SDFFRQX2M)         0.00    8680.31 r
  library setup time                                     -0.28    8680.02
  data required time                                              8680.02
  --------------------------------------------------------------------------
  data required time                                              8680.02
  data arrival time                                              -2607.96
  --------------------------------------------------------------------------
  slack (MET)                                                     6072.07


  Startpoint: Data_Valid (input port clocked by CLK)
  Endpoint: serializer/shift_register_reg[4]
            (rising edge-triggered flip-flop clocked by CLK)
  Path Group: CLK
  Path Type: max

  Des/Clust/Port     Wire Load Model       Library
  ------------------------------------------------
  UART_TX            tsmc13_wl10           scmetro_tsmc_cl013g_rvt_ff_1p32v_m40c

  Point                                                   Incr       Path
  --------------------------------------------------------------------------
  clock CLK (rise edge)                                   0.00       0.00
  clock network delay (ideal)                             0.00       0.00
  input external delay                                 2604.17    2604.17 r
  Data_Valid (in)                                         0.07    2604.23 r
  U2/Y (BUFX2M)                                           0.29    2604.52 r
  serializer/Data_Valid (serializer_test_1)               0.00    2604.52 r
  serializer/U20/Y (NOR2BXLM)                             0.48    2605.00 r
  serializer/U14/Y (BUFX2M)                               0.89    2605.90 r
  serializer/U18/Y (INVX2M)                               0.31    2606.20 f
  serializer/U17/Y (NAND2X2M)                             0.34    2606.54 r
  serializer/U15/Y (INVX2M)                               0.47    2607.01 f
  serializer/U16/Y (NOR2X4M)                              0.69    2607.70 r
  serializer/U39/Y (OAI2BB1X2M)                           0.26    2607.96 r
  serializer/shift_register_reg[4]/D (SDFFRQX2M)          0.00    2607.96 r
  data arrival time                                               2607.96

  clock CLK (rise edge)                                8680.56    8680.56
  clock network delay (ideal)                             0.00    8680.56
  clock uncertainty                                      -0.25    8680.31
  serializer/shift_register_reg[4]/CK (SDFFRQX2M)         0.00    8680.31 r
  library setup time                                     -0.28    8680.02
  data required time                                              8680.02
  --------------------------------------------------------------------------
  data required time                                              8680.02
  data arrival time                                              -2607.96
  --------------------------------------------------------------------------
  slack (MET)                                                     6072.07


  Startpoint: Data_Valid (input port clocked by CLK)
  Endpoint: serializer/shift_register_reg[3]
            (rising edge-triggered flip-flop clocked by CLK)
  Path Group: CLK
  Path Type: max

  Des/Clust/Port     Wire Load Model       Library
  ------------------------------------------------
  UART_TX            tsmc13_wl10           scmetro_tsmc_cl013g_rvt_ff_1p32v_m40c

  Point                                                   Incr       Path
  --------------------------------------------------------------------------
  clock CLK (rise edge)                                   0.00       0.00
  clock network delay (ideal)                             0.00       0.00
  input external delay                                 2604.17    2604.17 r
  Data_Valid (in)                                         0.07    2604.23 r
  U2/Y (BUFX2M)                                           0.29    2604.52 r
  serializer/Data_Valid (serializer_test_1)               0.00    2604.52 r
  serializer/U20/Y (NOR2BXLM)                             0.48    2605.00 r
  serializer/U14/Y (BUFX2M)                               0.89    2605.90 r
  serializer/U18/Y (INVX2M)                               0.31    2606.20 f
  serializer/U17/Y (NAND2X2M)                             0.34    2606.54 r
  serializer/U15/Y (INVX2M)                               0.47    2607.01 f
  serializer/U16/Y (NOR2X4M)                              0.69    2607.70 r
  serializer/U31/Y (OAI2BB1X2M)                           0.26    2607.96 r
  serializer/shift_register_reg[3]/D (SDFFRQX2M)          0.00    2607.96 r
  data arrival time                                               2607.96

  clock CLK (rise edge)                                8680.56    8680.56
  clock network delay (ideal)                             0.00    8680.56
  clock uncertainty                                      -0.25    8680.31
  serializer/shift_register_reg[3]/CK (SDFFRQX2M)         0.00    8680.31 r
  library setup time                                     -0.28    8680.02
  data required time                                              8680.02
  --------------------------------------------------------------------------
  data required time                                              8680.02
  data arrival time                                              -2607.96
  --------------------------------------------------------------------------
  slack (MET)                                                     6072.07


  Startpoint: Data_Valid (input port clocked by CLK)
  Endpoint: serializer/shift_register_reg[2]
            (rising edge-triggered flip-flop clocked by CLK)
  Path Group: CLK
  Path Type: max

  Des/Clust/Port     Wire Load Model       Library
  ------------------------------------------------
  UART_TX            tsmc13_wl10           scmetro_tsmc_cl013g_rvt_ff_1p32v_m40c

  Point                                                   Incr       Path
  --------------------------------------------------------------------------
  clock CLK (rise edge)                                   0.00       0.00
  clock network delay (ideal)                             0.00       0.00
  input external delay                                 2604.17    2604.17 r
  Data_Valid (in)                                         0.07    2604.23 r
  U2/Y (BUFX2M)                                           0.29    2604.52 r
  serializer/Data_Valid (serializer_test_1)               0.00    2604.52 r
  serializer/U20/Y (NOR2BXLM)                             0.48    2605.00 r
  serializer/U14/Y (BUFX2M)                               0.89    2605.90 r
  serializer/U18/Y (INVX2M)                               0.31    2606.20 f
  serializer/U17/Y (NAND2X2M)                             0.34    2606.54 r
  serializer/U15/Y (INVX2M)                               0.47    2607.01 f
  serializer/U16/Y (NOR2X4M)                              0.69    2607.70 r
  serializer/U29/Y (OAI2BB1X2M)                           0.26    2607.96 r
  serializer/shift_register_reg[2]/D (SDFFRQX2M)          0.00    2607.96 r
  data arrival time                                               2607.96

  clock CLK (rise edge)                                8680.56    8680.56
  clock network delay (ideal)                             0.00    8680.56
  clock uncertainty                                      -0.25    8680.31
  serializer/shift_register_reg[2]/CK (SDFFRQX2M)         0.00    8680.31 r
  library setup time                                     -0.28    8680.02
  data required time                                              8680.02
  --------------------------------------------------------------------------
  data required time                                              8680.02
  data arrival time                                              -2607.96
  --------------------------------------------------------------------------
  slack (MET)                                                     6072.07


  Startpoint: Data_Valid (input port clocked by CLK)
  Endpoint: serializer/count_reg[1]
            (rising edge-triggered flip-flop clocked by CLK)
  Path Group: CLK
  Path Type: max

  Des/Clust/Port     Wire Load Model       Library
  ------------------------------------------------
  UART_TX            tsmc13_wl10           scmetro_tsmc_cl013g_rvt_ff_1p32v_m40c

  Point                                                   Incr       Path
  --------------------------------------------------------------------------
  clock CLK (rise edge)                                   0.00       0.00
  clock network delay (ideal)                             0.00       0.00
  input external delay                                 2604.17    2604.17 r
  Data_Valid (in)                                         0.07    2604.23 r
  U2/Y (BUFX2M)                                           0.29    2604.52 r
  serializer/Data_Valid (serializer_test_1)               0.00    2604.52 r
  serializer/U20/Y (NOR2BXLM)                             0.48    2605.00 r
  serializer/U14/Y (BUFX2M)                               0.89    2605.90 r
  serializer/U18/Y (INVX2M)                               0.31    2606.20 f
  serializer/U17/Y (NAND2X2M)                             0.34    2606.54 r
  serializer/U15/Y (INVX2M)                               0.47    2607.01 f
  serializer/U19/Y (AOI21X2M)                             0.49    2607.50 r
  serializer/U25/Y (OAI22X1M)                             0.26    2607.76 f
  serializer/count_reg[1]/D (SDFFRQX2M)                   0.00    2607.76 f
  data arrival time                                               2607.76

  clock CLK (rise edge)                                8680.56    8680.56
  clock network delay (ideal)                             0.00    8680.56
  clock uncertainty                                      -0.25    8680.31
  serializer/count_reg[1]/CK (SDFFRQX2M)                  0.00    8680.31 r
  library setup time                                     -0.43    8679.87
  data required time                                              8679.87
  --------------------------------------------------------------------------
  data required time                                              8679.87
  data arrival time                                              -2607.76
  --------------------------------------------------------------------------
  slack (MET)                                                     6072.11


  Startpoint: FSM/current_state_reg[1]
              (rising edge-triggered flip-flop clocked by CLK)
  Endpoint: TX_OUT (output port clocked by CLK)
  Path Group: CLK
  Path Type: max

  Des/Clust/Port     Wire Load Model       Library
  ------------------------------------------------
  UART_TX            tsmc13_wl10           scmetro_tsmc_cl013g_rvt_ff_1p32v_m40c

  Point                                                   Incr       Path
  --------------------------------------------------------------------------
  clock CLK (rise edge)                                   0.00       0.00
  clock network delay (ideal)                             0.00       0.00
  FSM/current_state_reg[1]/CK (SDFFRQX2M)                 0.00       0.00 r
  FSM/current_state_reg[1]/Q (SDFFRQX2M)                  0.75       0.75 r
  FSM/U17/Y (NAND2X2M)                                    0.28       1.02 f
  FSM/U16/Y (NOR2X2M)                                     0.38       1.41 r
  FSM/U13/Y (INVX2M)                                      0.21       1.62 f
  FSM/U14/Y (NAND2X2M)                                    0.23       1.84 r
  FSM/mux_sel[1] (FSM_test_1)                             0.00       1.84 r
  MUX/mux_sel[1] (MUX)                                    0.00       1.84 r
  MUX/U7/Y (NOR2BX2M)                                     0.30       2.14 r
  MUX/U4/Y (OAI21X2M)                                     0.16       2.31 f
  MUX/U3/Y (CLKBUFX8M)                                    0.88       3.19 f
  MUX/TX_OUT (MUX)                                        0.00       3.19 f
  TX_OUT (out)                                            0.00       3.19 f
  data arrival time                                                  3.19

  clock CLK (rise edge)                                8680.56    8680.56
  clock network delay (ideal)                             0.00    8680.56
  clock uncertainty                                      -0.25    8680.31
  output external delay                               -2604.17    6076.14
  data required time                                              6076.14
  --------------------------------------------------------------------------
  data required time                                              6076.14
  data arrival time                                                 -3.19
  --------------------------------------------------------------------------
  slack (MET)                                                     6072.95


  Startpoint: Data_Valid (input port clocked by CLK)
  Endpoint: serializer/count_reg[0]
            (rising edge-triggered flip-flop clocked by CLK)
  Path Group: CLK
  Path Type: max

  Des/Clust/Port     Wire Load Model       Library
  ------------------------------------------------
  UART_TX            tsmc13_wl10           scmetro_tsmc_cl013g_rvt_ff_1p32v_m40c

  Point                                                   Incr       Path
  --------------------------------------------------------------------------
  clock CLK (rise edge)                                   0.00       0.00
  clock network delay (ideal)                             0.00       0.00
  input external delay                                 2604.17    2604.17 r
  Data_Valid (in)                                         0.07    2604.23 r
  U2/Y (BUFX2M)                                           0.29    2604.52 r
  serializer/Data_Valid (serializer_test_1)               0.00    2604.52 r
  serializer/U20/Y (NOR2BXLM)                             0.48    2605.00 r
  serializer/U14/Y (BUFX2M)                               0.89    2605.90 r
  serializer/U18/Y (INVX2M)                               0.31    2606.20 f
  serializer/U17/Y (NAND2X2M)                             0.34    2606.54 r
  serializer/U24/Y (OAI22X1M)                             0.26    2606.80 f
  serializer/count_reg[0]/D (SDFFRQX2M)                   0.00    2606.80 f
  data arrival time                                               2606.80

  clock CLK (rise edge)                                8680.56    8680.56
  clock network delay (ideal)                             0.00    8680.56
  clock uncertainty                                      -0.25    8680.31
  serializer/count_reg[0]/CK (SDFFRQX2M)                  0.00    8680.31 r
  library setup time                                     -0.43    8679.88
  data required time                                              8679.88
  --------------------------------------------------------------------------
  data required time                                              8679.88
  data arrival time                                              -2606.80
  --------------------------------------------------------------------------
  slack (MET)                                                     6073.08


  Startpoint: FSM/current_state_reg[1]
              (rising edge-triggered flip-flop clocked by CLK)
  Endpoint: Busy (output port clocked by CLK)
  Path Group: CLK
  Path Type: max

  Des/Clust/Port     Wire Load Model       Library
  ------------------------------------------------
  UART_TX            tsmc13_wl10           scmetro_tsmc_cl013g_rvt_ff_1p32v_m40c

  Point                                                   Incr       Path
  --------------------------------------------------------------------------
  clock CLK (rise edge)                                   0.00       0.00
  clock network delay (ideal)                             0.00       0.00
  FSM/current_state_reg[1]/CK (SDFFRQX2M)                 0.00       0.00 r
  FSM/current_state_reg[1]/Q (SDFFRQX2M)                  0.75       0.75 r
  FSM/U17/Y (NAND2X2M)                                    0.28       1.02 f
  FSM/U16/Y (NOR2X2M)                                     0.38       1.41 r
  FSM/U8/Y (AOI21XLM)                                     0.25       1.65 f
  FSM/U6/Y (OA21X2M)                                      0.50       2.15 f
  FSM/U7/Y (INVX8M)                                       0.79       2.94 r
  FSM/busy (FSM_test_1)                                   0.00       2.94 r
  Busy (out)                                              0.00       2.94 r
  data arrival time                                                  2.94

  clock CLK (rise edge)                                8680.56    8680.56
  clock network delay (ideal)                             0.00    8680.56
  clock uncertainty                                      -0.25    8680.31
  output external delay                               -2604.17    6076.14
  data required time                                              6076.14
  --------------------------------------------------------------------------
  data required time                                              6076.14
  data arrival time                                                 -2.94
  --------------------------------------------------------------------------
  slack (MET)                                                     6073.19


  Startpoint: P_DATA[6] (input port clocked by CLK)
  Endpoint: Parity_calc/Par_bit_reg
            (rising edge-triggered flip-flop clocked by CLK)
  Path Group: CLK
  Path Type: max

  Des/Clust/Port     Wire Load Model       Library
  ------------------------------------------------
  UART_TX            tsmc13_wl10           scmetro_tsmc_cl013g_rvt_ff_1p32v_m40c

  Point                                                   Incr       Path
  --------------------------------------------------------------------------
  clock CLK (rise edge)                                   0.00       0.00
  clock network delay (ideal)                             0.00       0.00
  input external delay                                 2604.17    2604.17 r
  P_DATA[6] (in)                                          0.13    2604.30 r
  Parity_calc/P_DATA[6] (Parity_calc_test_1)              0.00    2604.30 r
  Parity_calc/U8/Y (CLKXOR2X2M)                           0.42    2604.72 f
  Parity_calc/U7/Y (XOR3XLM)                              0.40    2605.12 f
  Parity_calc/U3/Y (XOR3XLM)                              0.67    2605.79 f
  Parity_calc/U2/Y (OAI2BB2X1M)                           0.34    2606.13 r
  Parity_calc/Par_bit_reg/D (SDFFRQX2M)                   0.00    2606.13 r
  data arrival time                                               2606.13

  clock CLK (rise edge)                                8680.56    8680.56
  clock network delay (ideal)                             0.00    8680.56
  clock uncertainty                                      -0.25    8680.31
  Parity_calc/Par_bit_reg/CK (SDFFRQX2M)                  0.00    8680.31 r
  library setup time                                     -0.32    8679.99
  data required time                                              8679.99
  --------------------------------------------------------------------------
  data required time                                              8679.99
  data arrival time                                              -2606.13
  --------------------------------------------------------------------------
  slack (MET)                                                     6073.85


  Startpoint: PAR_EN (input port clocked by CLK)
  Endpoint: FSM/current_state_reg[0]
            (rising edge-triggered flip-flop clocked by CLK)
  Path Group: CLK
  Path Type: max

  Des/Clust/Port     Wire Load Model       Library
  ------------------------------------------------
  UART_TX            tsmc13_wl10           scmetro_tsmc_cl013g_rvt_ff_1p32v_m40c

  Point                                                   Incr       Path
  --------------------------------------------------------------------------
  clock CLK (rise edge)                                   0.00       0.00
  clock network delay (ideal)                             0.00       0.00
  input external delay                                 2604.17    2604.17 r
  PAR_EN (in)                                             0.07    2604.23 r
  U3/Y (BUFX2M)                                           0.31    2604.54 r
  FSM/PAR_EN (FSM_test_1)                                 0.00    2604.54 r
  FSM/U20/Y (INVX2M)                                      0.13    2604.67 f
  FSM/U19/Y (OAI31X1M)                                    0.44    2605.12 r
  FSM/current_state_reg[0]/D (SDFFRQX2M)                  0.00    2605.12 r
  data arrival time                                               2605.12

  clock CLK (rise edge)                                8680.56    8680.56
  clock network delay (ideal)                             0.00    8680.56
  clock uncertainty                                      -0.25    8680.31
  FSM/current_state_reg[0]/CK (SDFFRQX2M)                 0.00    8680.31 r
  library setup time                                     -0.35    8679.96
  data required time                                              8679.96
  --------------------------------------------------------------------------
  data required time                                              8679.96
  data arrival time                                              -2605.12
  --------------------------------------------------------------------------
  slack (MET)                                                     6074.84


  Startpoint: PAR_EN (input port clocked by CLK)
  Endpoint: FSM/current_state_reg[1]
            (rising edge-triggered flip-flop clocked by CLK)
  Path Group: CLK
  Path Type: max

  Des/Clust/Port     Wire Load Model       Library
  ------------------------------------------------
  UART_TX            tsmc13_wl10           scmetro_tsmc_cl013g_rvt_ff_1p32v_m40c

  Point                                                   Incr       Path
  --------------------------------------------------------------------------
  clock CLK (rise edge)                                   0.00       0.00
  clock network delay (ideal)                             0.00       0.00
  input external delay                                 2604.17    2604.17 f
  PAR_EN (in)                                             0.05    2604.21 f
  U3/Y (BUFX2M)                                           0.25    2604.46 f
  FSM/PAR_EN (FSM_test_1)                                 0.00    2604.46 f
  FSM/U25/Y (NOR2X2M)                                     0.23    2604.70 r
  FSM/U24/Y (OAI32X1M)                                    0.23    2604.92 f
  FSM/current_state_reg[1]/D (SDFFRQX2M)                  0.00    2604.92 f
  data arrival time                                               2604.92

  clock CLK (rise edge)                                8680.56    8680.56
  clock network delay (ideal)                             0.00    8680.56
  clock uncertainty                                      -0.25    8680.31
  FSM/current_state_reg[1]/CK (SDFFRQX2M)                 0.00    8680.31 r
  library setup time                                     -0.44    8679.87
  data required time                                              8679.87
  --------------------------------------------------------------------------
  data required time                                              8679.87
  data arrival time                                              -2604.92
  --------------------------------------------------------------------------
  slack (MET)                                                     6074.94


  Startpoint: PAR_EN (input port clocked by CLK)
  Endpoint: FSM/current_state_reg[2]
            (rising edge-triggered flip-flop clocked by CLK)
  Path Group: CLK
  Path Type: max

  Des/Clust/Port     Wire Load Model       Library
  ------------------------------------------------
  UART_TX            tsmc13_wl10           scmetro_tsmc_cl013g_rvt_ff_1p32v_m40c

  Point                                                   Incr       Path
  --------------------------------------------------------------------------
  clock CLK (rise edge)                                   0.00       0.00
  clock network delay (ideal)                             0.00       0.00
  input external delay                                 2604.17    2604.17 f
  PAR_EN (in)                                             0.05    2604.21 f
  U3/Y (BUFX2M)                                           0.25    2604.46 f
  FSM/PAR_EN (FSM_test_1)                                 0.00    2604.46 f
  FSM/U11/Y (OAI31X1M)                                    0.49    2604.96 r
  FSM/current_state_reg[2]/D (SDFFRQX2M)                  0.00    2604.96 r
  data arrival time                                               2604.96

  clock CLK (rise edge)                                8680.56    8680.56
  clock network delay (ideal)                             0.00    8680.56
  clock uncertainty                                      -0.25    8680.31
  FSM/current_state_reg[2]/CK (SDFFRQX2M)                 0.00    8680.31 r
  library setup time                                     -0.35    8679.96
  data required time                                              8679.96
  --------------------------------------------------------------------------
  data required time                                              8679.96
  data arrival time                                              -2604.96
  --------------------------------------------------------------------------
  slack (MET)                                                     6075.00


  Startpoint: FSM/current_state_reg[1]
              (rising edge-triggered flip-flop clocked by CLK)
  Endpoint: FSM/current_state_reg[2]
            (rising edge-triggered flip-flop clocked by CLK)
  Path Group: CLK
  Path Type: max

  Des/Clust/Port     Wire Load Model       Library
  ------------------------------------------------
  UART_TX            tsmc13_wl10           scmetro_tsmc_cl013g_rvt_ff_1p32v_m40c

  Point                                                   Incr       Path
  --------------------------------------------------------------------------
  clock CLK (rise edge)                                   0.00       0.00
  clock network delay (ideal)                             0.00       0.00
  FSM/current_state_reg[1]/CK (SDFFRQX2M)                 0.00       0.00 r
  FSM/current_state_reg[1]/Q (SDFFRQX2M)                  0.67       0.67 f
  FSM/current_state_reg[2]/SI (SDFFRQX2M)                 0.00       0.67 f
  data arrival time                                                  0.67

  clock CLK (rise edge)                                8680.56    8680.56
  clock network delay (ideal)                             0.00    8680.56
  clock uncertainty                                      -0.25    8680.31
  FSM/current_state_reg[2]/CK (SDFFRQX2M)                 0.00    8680.31 r
  library setup time                                     -0.56    8679.75
  data required time                                              8679.75
  --------------------------------------------------------------------------
  data required time                                              8679.75
  data arrival time                                                 -0.67
  --------------------------------------------------------------------------
  slack (MET)                                                     8679.07


  Startpoint: FSM/current_state_reg[2]
              (rising edge-triggered flip-flop clocked by CLK)
  Endpoint: Parity_calc/Par_bit_reg
            (rising edge-triggered flip-flop clocked by CLK)
  Path Group: CLK
  Path Type: max

  Des/Clust/Port     Wire Load Model       Library
  ------------------------------------------------
  UART_TX            tsmc13_wl10           scmetro_tsmc_cl013g_rvt_ff_1p32v_m40c

  Point                                                   Incr       Path
  --------------------------------------------------------------------------
  clock CLK (rise edge)                                   0.00       0.00
  clock network delay (ideal)                             0.00       0.00
  FSM/current_state_reg[2]/CK (SDFFRQX2M)                 0.00       0.00 r
  FSM/current_state_reg[2]/Q (SDFFRQX2M)                  0.64       0.64 f
  FSM/test_so (FSM_test_1)                                0.00       0.64 f
  Parity_calc/test_si (Parity_calc_test_1)                0.00       0.64 f
  Parity_calc/Par_bit_reg/SI (SDFFRQX2M)                  0.00       0.64 f
  data arrival time                                                  0.64

  clock CLK (rise edge)                                8680.56    8680.56
  clock network delay (ideal)                             0.00    8680.56
  clock uncertainty                                      -0.25    8680.31
  Parity_calc/Par_bit_reg/CK (SDFFRQX2M)                  0.00    8680.31 r
  library setup time                                     -0.55    8679.76
  data required time                                              8679.76
  --------------------------------------------------------------------------
  data required time                                              8679.76
  data arrival time                                                 -0.64
  --------------------------------------------------------------------------
  slack (MET)                                                     8679.12


  Startpoint: FSM/current_state_reg[0]
              (rising edge-triggered flip-flop clocked by CLK)
  Endpoint: FSM/current_state_reg[1]
            (rising edge-triggered flip-flop clocked by CLK)
  Path Group: CLK
  Path Type: max

  Des/Clust/Port     Wire Load Model       Library
  ------------------------------------------------
  UART_TX            tsmc13_wl10           scmetro_tsmc_cl013g_rvt_ff_1p32v_m40c

  Point                                                   Incr       Path
  --------------------------------------------------------------------------
  clock CLK (rise edge)                                   0.00       0.00
  clock network delay (ideal)                             0.00       0.00
  FSM/current_state_reg[0]/CK (SDFFRQX2M)                 0.00       0.00 r
  FSM/current_state_reg[0]/Q (SDFFRQX2M)                  0.61       0.61 f
  FSM/current_state_reg[1]/SI (SDFFRQX2M)                 0.00       0.61 f
  data arrival time                                                  0.61

  clock CLK (rise edge)                                8680.56    8680.56
  clock network delay (ideal)                             0.00    8680.56
  clock uncertainty                                      -0.25    8680.31
  FSM/current_state_reg[1]/CK (SDFFRQX2M)                 0.00    8680.31 r
  library setup time                                     -0.54    8679.76
  data required time                                              8679.76
  --------------------------------------------------------------------------
  data required time                                              8679.76
  data arrival time                                                 -0.61
  --------------------------------------------------------------------------
  slack (MET)                                                     8679.15


  Startpoint: serializer/count_reg[0]
              (rising edge-triggered flip-flop clocked by CLK)
  Endpoint: serializer/count_reg[1]
            (rising edge-triggered flip-flop clocked by CLK)
  Path Group: CLK
  Path Type: max

  Des/Clust/Port     Wire Load Model       Library
  ------------------------------------------------
  UART_TX            tsmc13_wl10           scmetro_tsmc_cl013g_rvt_ff_1p32v_m40c

  Point                                                   Incr       Path
  --------------------------------------------------------------------------
  clock CLK (rise edge)                                   0.00       0.00
  clock network delay (ideal)                             0.00       0.00
  serializer/count_reg[0]/CK (SDFFRQX2M)                  0.00       0.00 r
  serializer/count_reg[0]/Q (SDFFRQX2M)                   0.61       0.61 f
  serializer/count_reg[1]/SI (SDFFRQX2M)                  0.00       0.61 f
  data arrival time                                                  0.61

  clock CLK (rise edge)                                8680.56    8680.56
  clock network delay (ideal)                             0.00    8680.56
  clock uncertainty                                      -0.25    8680.31
  serializer/count_reg[1]/CK (SDFFRQX2M)                  0.00    8680.31 r
  library setup time                                     -0.54    8679.77
  data required time                                              8679.77
  --------------------------------------------------------------------------
  data required time                                              8679.77
  data arrival time                                                 -0.61
  --------------------------------------------------------------------------
  slack (MET)                                                     8679.16


  Startpoint: serializer/count_reg[1]
              (rising edge-triggered flip-flop clocked by CLK)
  Endpoint: serializer/count_reg[2]
            (rising edge-triggered flip-flop clocked by CLK)
  Path Group: CLK
  Path Type: max

  Des/Clust/Port     Wire Load Model       Library
  ------------------------------------------------
  UART_TX            tsmc13_wl10           scmetro_tsmc_cl013g_rvt_ff_1p32v_m40c

  Point                                                   Incr       Path
  --------------------------------------------------------------------------
  clock CLK (rise edge)                                   0.00       0.00
  clock network delay (ideal)                             0.00       0.00
  serializer/count_reg[1]/CK (SDFFRQX2M)                  0.00       0.00 r
  serializer/count_reg[1]/Q (SDFFRQX2M)                   0.61       0.61 f
  serializer/count_reg[2]/SI (SDFFRQX2M)                  0.00       0.61 f
  data arrival time                                                  0.61

  clock CLK (rise edge)                                8680.56    8680.56
  clock network delay (ideal)                             0.00    8680.56
  clock uncertainty                                      -0.25    8680.31
  serializer/count_reg[2]/CK (SDFFRQX2M)                  0.00    8680.31 r
  library setup time                                     -0.54    8679.77
  data required time                                              8679.77
  --------------------------------------------------------------------------
  data required time                                              8679.77
  data arrival time                                                 -0.61
  --------------------------------------------------------------------------
  slack (MET)                                                     8679.16


  Startpoint: serializer/count_reg[2]
              (rising edge-triggered flip-flop clocked by CLK)
  Endpoint: serializer/shift_register_reg[0]
            (rising edge-triggered flip-flop clocked by CLK)
  Path Group: CLK
  Path Type: max

  Des/Clust/Port     Wire Load Model       Library
  ------------------------------------------------
  UART_TX            tsmc13_wl10           scmetro_tsmc_cl013g_rvt_ff_1p32v_m40c

  Point                                                   Incr       Path
  --------------------------------------------------------------------------
  clock CLK (rise edge)                                   0.00       0.00
  clock network delay (ideal)                             0.00       0.00
  serializer/count_reg[2]/CK (SDFFRQX2M)                  0.00       0.00 r
  serializer/count_reg[2]/Q (SDFFRQX2M)                   0.57       0.57 f
  serializer/shift_register_reg[0]/SI (SDFFRQX2M)         0.00       0.57 f
  data arrival time                                                  0.57

  clock CLK (rise edge)                                8680.56    8680.56
  clock network delay (ideal)                             0.00    8680.56
  clock uncertainty                                      -0.25    8680.31
  serializer/shift_register_reg[0]/CK (SDFFRQX2M)         0.00    8680.31 r
  library setup time                                     -0.53    8679.78
  data required time                                              8679.78
  --------------------------------------------------------------------------
  data required time                                              8679.78
  data arrival time                                                 -0.57
  --------------------------------------------------------------------------
  slack (MET)                                                     8679.21


  Startpoint: serializer/shift_register_reg[0]
              (rising edge-triggered flip-flop clocked by CLK)
  Endpoint: serializer/shift_register_reg[1]
            (rising edge-triggered flip-flop clocked by CLK)
  Path Group: CLK
  Path Type: max

  Des/Clust/Port     Wire Load Model       Library
  ------------------------------------------------
  UART_TX            tsmc13_wl10           scmetro_tsmc_cl013g_rvt_ff_1p32v_m40c

  Point                                                   Incr       Path
  --------------------------------------------------------------------------
  clock CLK (rise edge)                                   0.00       0.00
  clock network delay (ideal)                             0.00       0.00
  serializer/shift_register_reg[0]/CK (SDFFRQX2M)         0.00       0.00 r
  serializer/shift_register_reg[0]/Q (SDFFRQX2M)          0.57       0.57 f
  serializer/shift_register_reg[1]/SI (SDFFRQX2M)         0.00       0.57 f
  data arrival time                                                  0.57

  clock CLK (rise edge)                                8680.56    8680.56
  clock network delay (ideal)                             0.00    8680.56
  clock uncertainty                                      -0.25    8680.31
  serializer/shift_register_reg[1]/CK (SDFFRQX2M)         0.00    8680.31 r
  library setup time                                     -0.53    8679.78
  data required time                                              8679.78
  --------------------------------------------------------------------------
  data required time                                              8679.78
  data arrival time                                                 -0.57
  --------------------------------------------------------------------------
  slack (MET)                                                     8679.21


  Startpoint: Parity_calc/Par_bit_reg
              (rising edge-triggered flip-flop clocked by CLK)
  Endpoint: serializer/count_reg[0]
            (rising edge-triggered flip-flop clocked by CLK)
  Path Group: CLK
  Path Type: max

  Des/Clust/Port     Wire Load Model       Library
  ------------------------------------------------
  UART_TX            tsmc13_wl10           scmetro_tsmc_cl013g_rvt_ff_1p32v_m40c

  Point                                                   Incr       Path
  --------------------------------------------------------------------------
  clock CLK (rise edge)                                   0.00       0.00
  clock network delay (ideal)                             0.00       0.00
  Parity_calc/Par_bit_reg/CK (SDFFRQX2M)                  0.00       0.00 r
  Parity_calc/Par_bit_reg/Q (SDFFRQX2M)                   0.57       0.57 f
  Parity_calc/Par_bit (Parity_calc_test_1)                0.00       0.57 f
  serializer/test_si (serializer_test_1)                  0.00       0.57 f
  serializer/count_reg[0]/SI (SDFFRQX2M)                  0.00       0.57 f
  data arrival time                                                  0.57

  clock CLK (rise edge)                                8680.56    8680.56
  clock network delay (ideal)                             0.00    8680.56
  clock uncertainty                                      -0.25    8680.31
  serializer/count_reg[0]/CK (SDFFRQX2M)                  0.00    8680.31 r
  library setup time                                     -0.53    8679.78
  data required time                                              8679.78
  --------------------------------------------------------------------------
  data required time                                              8679.78
  data arrival time                                                 -0.57
  --------------------------------------------------------------------------
  slack (MET)                                                     8679.21


  Startpoint: serializer/shift_register_reg[5]
              (rising edge-triggered flip-flop clocked by CLK)
  Endpoint: serializer/shift_register_reg[6]
            (rising edge-triggered flip-flop clocked by CLK)
  Path Group: CLK
  Path Type: max

  Des/Clust/Port     Wire Load Model       Library
  ------------------------------------------------
  UART_TX            tsmc13_wl10           scmetro_tsmc_cl013g_rvt_ff_1p32v_m40c

  Point                                                   Incr       Path
  --------------------------------------------------------------------------
  clock CLK (rise edge)                                   0.00       0.00
  clock network delay (ideal)                             0.00       0.00
  serializer/shift_register_reg[5]/CK (SDFFRQX2M)         0.00       0.00 r
  serializer/shift_register_reg[5]/Q (SDFFRQX2M)          0.56       0.56 f
  serializer/shift_register_reg[6]/SI (SDFFRQX2M)         0.00       0.56 f
  data arrival time                                                  0.56

  clock CLK (rise edge)                                8680.56    8680.56
  clock network delay (ideal)                             0.00    8680.56
  clock uncertainty                                      -0.25    8680.31
  serializer/shift_register_reg[6]/CK (SDFFRQX2M)         0.00    8680.31 r
  library setup time                                     -0.53    8679.78
  data required time                                              8679.78
  --------------------------------------------------------------------------
  data required time                                              8679.78
  data arrival time                                                 -0.56
  --------------------------------------------------------------------------
  slack (MET)                                                     8679.21


  Startpoint: serializer/shift_register_reg[4]
              (rising edge-triggered flip-flop clocked by CLK)
  Endpoint: serializer/shift_register_reg[5]
            (rising edge-triggered flip-flop clocked by CLK)
  Path Group: CLK
  Path Type: max

  Des/Clust/Port     Wire Load Model       Library
  ------------------------------------------------
  UART_TX            tsmc13_wl10           scmetro_tsmc_cl013g_rvt_ff_1p32v_m40c

  Point                                                   Incr       Path
  --------------------------------------------------------------------------
  clock CLK (rise edge)                                   0.00       0.00
  clock network delay (ideal)                             0.00       0.00
  serializer/shift_register_reg[4]/CK (SDFFRQX2M)         0.00       0.00 r
  serializer/shift_register_reg[4]/Q (SDFFRQX2M)          0.56       0.56 f
  serializer/shift_register_reg[5]/SI (SDFFRQX2M)         0.00       0.56 f
  data arrival time                                                  0.56

  clock CLK (rise edge)                                8680.56    8680.56
  clock network delay (ideal)                             0.00    8680.56
  clock uncertainty                                      -0.25    8680.31
  serializer/shift_register_reg[5]/CK (SDFFRQX2M)         0.00    8680.31 r
  library setup time                                     -0.53    8679.78
  data required time                                              8679.78
  --------------------------------------------------------------------------
  data required time                                              8679.78
  data arrival time                                                 -0.56
  --------------------------------------------------------------------------
  slack (MET)                                                     8679.21


  Startpoint: serializer/shift_register_reg[3]
              (rising edge-triggered flip-flop clocked by CLK)
  Endpoint: serializer/shift_register_reg[4]
            (rising edge-triggered flip-flop clocked by CLK)
  Path Group: CLK
  Path Type: max

  Des/Clust/Port     Wire Load Model       Library
  ------------------------------------------------
  UART_TX            tsmc13_wl10           scmetro_tsmc_cl013g_rvt_ff_1p32v_m40c

  Point                                                   Incr       Path
  --------------------------------------------------------------------------
  clock CLK (rise edge)                                   0.00       0.00
  clock network delay (ideal)                             0.00       0.00
  serializer/shift_register_reg[3]/CK (SDFFRQX2M)         0.00       0.00 r
  serializer/shift_register_reg[3]/Q (SDFFRQX2M)          0.56       0.56 f
  serializer/shift_register_reg[4]/SI (SDFFRQX2M)         0.00       0.56 f
  data arrival time                                                  0.56

  clock CLK (rise edge)                                8680.56    8680.56
  clock network delay (ideal)                             0.00    8680.56
  clock uncertainty                                      -0.25    8680.31
  serializer/shift_register_reg[4]/CK (SDFFRQX2M)         0.00    8680.31 r
  library setup time                                     -0.53    8679.78
  data required time                                              8679.78
  --------------------------------------------------------------------------
  data required time                                              8679.78
  data arrival time                                                 -0.56
  --------------------------------------------------------------------------
  slack (MET)                                                     8679.21


  Startpoint: serializer/shift_register_reg[2]
              (rising edge-triggered flip-flop clocked by CLK)
  Endpoint: serializer/shift_register_reg[3]
            (rising edge-triggered flip-flop clocked by CLK)
  Path Group: CLK
  Path Type: max

  Des/Clust/Port     Wire Load Model       Library
  ------------------------------------------------
  UART_TX            tsmc13_wl10           scmetro_tsmc_cl013g_rvt_ff_1p32v_m40c

  Point                                                   Incr       Path
  --------------------------------------------------------------------------
  clock CLK (rise edge)                                   0.00       0.00
  clock network delay (ideal)                             0.00       0.00
  serializer/shift_register_reg[2]/CK (SDFFRQX2M)         0.00       0.00 r
  serializer/shift_register_reg[2]/Q (SDFFRQX2M)          0.56       0.56 f
  serializer/shift_register_reg[3]/SI (SDFFRQX2M)         0.00       0.56 f
  data arrival time                                                  0.56

  clock CLK (rise edge)                                8680.56    8680.56
  clock network delay (ideal)                             0.00    8680.56
  clock uncertainty                                      -0.25    8680.31
  serializer/shift_register_reg[3]/CK (SDFFRQX2M)         0.00    8680.31 r
  library setup time                                     -0.53    8679.78
  data required time                                              8679.78
  --------------------------------------------------------------------------
  data required time                                              8679.78
  data arrival time                                                 -0.56
  --------------------------------------------------------------------------
  slack (MET)                                                     8679.21


  Startpoint: serializer/shift_register_reg[1]
              (rising edge-triggered flip-flop clocked by CLK)
  Endpoint: serializer/shift_register_reg[2]
            (rising edge-triggered flip-flop clocked by CLK)
  Path Group: CLK
  Path Type: max

  Des/Clust/Port     Wire Load Model       Library
  ------------------------------------------------
  UART_TX            tsmc13_wl10           scmetro_tsmc_cl013g_rvt_ff_1p32v_m40c

  Point                                                   Incr       Path
  --------------------------------------------------------------------------
  clock CLK (rise edge)                                   0.00       0.00
  clock network delay (ideal)                             0.00       0.00
  serializer/shift_register_reg[1]/CK (SDFFRQX2M)         0.00       0.00 r
  serializer/shift_register_reg[1]/Q (SDFFRQX2M)          0.56       0.56 f
  serializer/shift_register_reg[2]/SI (SDFFRQX2M)         0.00       0.56 f
  data arrival time                                                  0.56

  clock CLK (rise edge)                                8680.56    8680.56
  clock network delay (ideal)                             0.00    8680.56
  clock uncertainty                                      -0.25    8680.31
  serializer/shift_register_reg[2]/CK (SDFFRQX2M)         0.00    8680.31 r
  library setup time                                     -0.53    8679.78
  data required time                                              8679.78
  --------------------------------------------------------------------------
  data required time                                              8679.78
  data arrival time                                                 -0.56
  --------------------------------------------------------------------------
  slack (MET)                                                     8679.21


  Startpoint: serializer/shift_register_reg[6]
              (rising edge-triggered flip-flop clocked by CLK)
  Endpoint: serializer/shift_register_reg[7]
            (rising edge-triggered flip-flop clocked by CLK)
  Path Group: CLK
  Path Type: max

  Des/Clust/Port     Wire Load Model       Library
  ------------------------------------------------
  UART_TX            tsmc13_wl10           scmetro_tsmc_cl013g_rvt_ff_1p32v_m40c

  Point                                                   Incr       Path
  --------------------------------------------------------------------------
  clock CLK (rise edge)                                   0.00       0.00
  clock network delay (ideal)                             0.00       0.00
  serializer/shift_register_reg[6]/CK (SDFFRQX2M)         0.00       0.00 r
  serializer/shift_register_reg[6]/Q (SDFFRQX2M)          0.57       0.57 f
  serializer/shift_register_reg[7]/SI (SDFFRHQX8M)        0.00       0.57 f
  data arrival time                                                  0.57

  clock CLK (rise edge)                                8680.56    8680.56
  clock network delay (ideal)                             0.00    8680.56
  clock uncertainty                                      -0.25    8680.31
  serializer/shift_register_reg[7]/CK (SDFFRHQX8M)        0.00    8680.31 r
  library setup time                                     -0.48    8679.83
  data required time                                              8679.83
  --------------------------------------------------------------------------
  data required time                                              8679.83
  data arrival time                                                 -0.57
  --------------------------------------------------------------------------
  slack (MET)                                                     8679.26


1
