 
****************************************
Report : timing
        -path full
        -delay min
        -max_paths 100
Design : UART_TX
Version: O-2018.06-SP1
Date   : Mon Sep  7 05:16:06 2026
****************************************

Operating Conditions: scmetro_tsmc_cl013g_rvt_ff_1p32v_m40c   Library: scmetro_tsmc_cl013g_rvt_ff_1p32v_m40c
Wire Load Model Mode: top

  Startpoint: serializer/count_reg[2]
              (rising edge-triggered flip-flop clocked by CLK)
  Endpoint: serializer/count_reg[2]
            (rising edge-triggered flip-flop clocked by CLK)
  Path Group: CLK
  Path Type: min

  Des/Clust/Port     Wire Load Model       Library
  ------------------------------------------------
  UART_TX            tsmc13_wl10           scmetro_tsmc_cl013g_rvt_ff_1p32v_m40c

  Point                                                   Incr       Path
  --------------------------------------------------------------------------
  clock CLK (rise edge)                                   0.00       0.00
  clock network delay (ideal)                             0.00       0.00
  serializer/count_reg[2]/CK (DFFRQX2M)                   0.00       0.00 r
  serializer/count_reg[2]/Q (DFFRQX2M)                    0.51       0.51 r
  serializer/U10/Y (OAI32X1M)                             0.20       0.71 f
  serializer/count_reg[2]/D (DFFRQX2M)                    0.00       0.71 f
  data arrival time                                                  0.71

  clock CLK (rise edge)                                   0.00       0.00
  clock network delay (ideal)                             0.00       0.00
  clock uncertainty                                       0.05       0.05
  serializer/count_reg[2]/CK (DFFRQX2M)                   0.00       0.05 r
  library hold time                                      -0.03       0.02
  data required time                                                 0.02
  --------------------------------------------------------------------------
  data required time                                                 0.02
  data arrival time                                                 -0.71
  --------------------------------------------------------------------------
  slack (MET)                                                        0.68


  Startpoint: serializer/shift_register_reg[6]
              (rising edge-triggered flip-flop clocked by CLK)
  Endpoint: serializer/shift_register_reg[6]
            (rising edge-triggered flip-flop clocked by CLK)
  Path Group: CLK
  Path Type: min

  Des/Clust/Port     Wire Load Model       Library
  ------------------------------------------------
  UART_TX            tsmc13_wl10           scmetro_tsmc_cl013g_rvt_ff_1p32v_m40c

  Point                                                   Incr       Path
  --------------------------------------------------------------------------
  clock CLK (rise edge)                                   0.00       0.00
  clock network delay (ideal)                             0.00       0.00
  serializer/shift_register_reg[6]/CK (DFFRQX2M)          0.00       0.00 r
  serializer/shift_register_reg[6]/Q (DFFRQX2M)           0.56       0.56 f
  serializer/U26/Y (OAI2BB1X2M)                           0.23       0.79 f
  serializer/shift_register_reg[6]/D (DFFRQX2M)           0.00       0.79 f
  data arrival time                                                  0.79

  clock CLK (rise edge)                                   0.00       0.00
  clock network delay (ideal)                             0.00       0.00
  clock uncertainty                                       0.05       0.05
  serializer/shift_register_reg[6]/CK (DFFRQX2M)          0.00       0.05 r
  library hold time                                      -0.02       0.03
  data required time                                                 0.03
  --------------------------------------------------------------------------
  data required time                                                 0.03
  data arrival time                                                 -0.79
  --------------------------------------------------------------------------
  slack (MET)                                                        0.76


  Startpoint: serializer/shift_register_reg[5]
              (rising edge-triggered flip-flop clocked by CLK)
  Endpoint: serializer/shift_register_reg[5]
            (rising edge-triggered flip-flop clocked by CLK)
  Path Group: CLK
  Path Type: min

  Des/Clust/Port     Wire Load Model       Library
  ------------------------------------------------
  UART_TX            tsmc13_wl10           scmetro_tsmc_cl013g_rvt_ff_1p32v_m40c

  Point                                                   Incr       Path
  --------------------------------------------------------------------------
  clock CLK (rise edge)                                   0.00       0.00
  clock network delay (ideal)                             0.00       0.00
  serializer/shift_register_reg[5]/CK (DFFRQX2M)          0.00       0.00 r
  serializer/shift_register_reg[5]/Q (DFFRQX2M)           0.56       0.56 f
  serializer/U22/Y (OAI2BB1X2M)                           0.23       0.79 f
  serializer/shift_register_reg[5]/D (DFFRQX2M)           0.00       0.79 f
  data arrival time                                                  0.79

  clock CLK (rise edge)                                   0.00       0.00
  clock network delay (ideal)                             0.00       0.00
  clock uncertainty                                       0.05       0.05
  serializer/shift_register_reg[5]/CK (DFFRQX2M)          0.00       0.05 r
  library hold time                                      -0.02       0.03
  data required time                                                 0.03
  --------------------------------------------------------------------------
  data required time                                                 0.03
  data arrival time                                                 -0.79
  --------------------------------------------------------------------------
  slack (MET)                                                        0.76


  Startpoint: serializer/shift_register_reg[4]
              (rising edge-triggered flip-flop clocked by CLK)
  Endpoint: serializer/shift_register_reg[4]
            (rising edge-triggered flip-flop clocked by CLK)
  Path Group: CLK
  Path Type: min

  Des/Clust/Port     Wire Load Model       Library
  ------------------------------------------------
  UART_TX            tsmc13_wl10           scmetro_tsmc_cl013g_rvt_ff_1p32v_m40c

  Point                                                   Incr       Path
  --------------------------------------------------------------------------
  clock CLK (rise edge)                                   0.00       0.00
  clock network delay (ideal)                             0.00       0.00
  serializer/shift_register_reg[4]/CK (DFFRQX2M)          0.00       0.00 r
  serializer/shift_register_reg[4]/Q (DFFRQX2M)           0.56       0.56 f
  serializer/U18/Y (OAI2BB1X2M)                           0.23       0.79 f
  serializer/shift_register_reg[4]/D (DFFRQX2M)           0.00       0.79 f
  data arrival time                                                  0.79

  clock CLK (rise edge)                                   0.00       0.00
  clock network delay (ideal)                             0.00       0.00
  clock uncertainty                                       0.05       0.05
  serializer/shift_register_reg[4]/CK (DFFRQX2M)          0.00       0.05 r
  library hold time                                      -0.02       0.03
  data required time                                                 0.03
  --------------------------------------------------------------------------
  data required time                                                 0.03
  data arrival time                                                 -0.79
  --------------------------------------------------------------------------
  slack (MET)                                                        0.76


  Startpoint: serializer/shift_register_reg[3]
              (rising edge-triggered flip-flop clocked by CLK)
  Endpoint: serializer/shift_register_reg[3]
            (rising edge-triggered flip-flop clocked by CLK)
  Path Group: CLK
  Path Type: min

  Des/Clust/Port     Wire Load Model       Library
  ------------------------------------------------
  UART_TX            tsmc13_wl10           scmetro_tsmc_cl013g_rvt_ff_1p32v_m40c

  Point                                                   Incr       Path
  --------------------------------------------------------------------------
  clock CLK (rise edge)                                   0.00       0.00
  clock network delay (ideal)                             0.00       0.00
  serializer/shift_register_reg[3]/CK (DFFRQX2M)          0.00       0.00 r
  serializer/shift_register_reg[3]/Q (DFFRQX2M)           0.56       0.56 f
  serializer/U28/Y (OAI2BB1X2M)                           0.23       0.79 f
  serializer/shift_register_reg[3]/D (DFFRQX2M)           0.00       0.79 f
  data arrival time                                                  0.79

  clock CLK (rise edge)                                   0.00       0.00
  clock network delay (ideal)                             0.00       0.00
  clock uncertainty                                       0.05       0.05
  serializer/shift_register_reg[3]/CK (DFFRQX2M)          0.00       0.05 r
  library hold time                                      -0.02       0.03
  data required time                                                 0.03
  --------------------------------------------------------------------------
  data required time                                                 0.03
  data arrival time                                                 -0.79
  --------------------------------------------------------------------------
  slack (MET)                                                        0.76


  Startpoint: serializer/shift_register_reg[2]
              (rising edge-triggered flip-flop clocked by CLK)
  Endpoint: serializer/shift_register_reg[2]
            (rising edge-triggered flip-flop clocked by CLK)
  Path Group: CLK
  Path Type: min

  Des/Clust/Port     Wire Load Model       Library
  ------------------------------------------------
  UART_TX            tsmc13_wl10           scmetro_tsmc_cl013g_rvt_ff_1p32v_m40c

  Point                                                   Incr       Path
  --------------------------------------------------------------------------
  clock CLK (rise edge)                                   0.00       0.00
  clock network delay (ideal)                             0.00       0.00
  serializer/shift_register_reg[2]/CK (DFFRQX2M)          0.00       0.00 r
  serializer/shift_register_reg[2]/Q (DFFRQX2M)           0.56       0.56 f
  serializer/U24/Y (OAI2BB1X2M)                           0.23       0.79 f
  serializer/shift_register_reg[2]/D (DFFRQX2M)           0.00       0.79 f
  data arrival time                                                  0.79

  clock CLK (rise edge)                                   0.00       0.00
  clock network delay (ideal)                             0.00       0.00
  clock uncertainty                                       0.05       0.05
  serializer/shift_register_reg[2]/CK (DFFRQX2M)          0.00       0.05 r
  library hold time                                      -0.02       0.03
  data required time                                                 0.03
  --------------------------------------------------------------------------
  data required time                                                 0.03
  data arrival time                                                 -0.79
  --------------------------------------------------------------------------
  slack (MET)                                                        0.76


  Startpoint: serializer/count_reg[1]
              (rising edge-triggered flip-flop clocked by CLK)
  Endpoint: serializer/count_reg[1]
            (rising edge-triggered flip-flop clocked by CLK)
  Path Group: CLK
  Path Type: min

  Des/Clust/Port     Wire Load Model       Library
  ------------------------------------------------
  UART_TX            tsmc13_wl10           scmetro_tsmc_cl013g_rvt_ff_1p32v_m40c

  Point                                                   Incr       Path
  --------------------------------------------------------------------------
  clock CLK (rise edge)                                   0.00       0.00
  clock network delay (ideal)                             0.00       0.00
  serializer/count_reg[1]/CK (DFFRQX2M)                   0.00       0.00 r
  serializer/count_reg[1]/Q (DFFRQX2M)                    0.57       0.57 r
  serializer/U13/Y (OAI22X1M)                             0.21       0.78 f
  serializer/count_reg[1]/D (DFFRQX2M)                    0.00       0.78 f
  data arrival time                                                  0.78

  clock CLK (rise edge)                                   0.00       0.00
  clock network delay (ideal)                             0.00       0.00
  clock uncertainty                                       0.05       0.05
  serializer/count_reg[1]/CK (DFFRQX2M)                   0.00       0.05 r
  library hold time                                      -0.03       0.02
  data required time                                                 0.02
  --------------------------------------------------------------------------
  data required time                                                 0.02
  data arrival time                                                 -0.78
  --------------------------------------------------------------------------
  slack (MET)                                                        0.77


  Startpoint: serializer/count_reg[0]
              (rising edge-triggered flip-flop clocked by CLK)
  Endpoint: serializer/count_reg[0]
            (rising edge-triggered flip-flop clocked by CLK)
  Path Group: CLK
  Path Type: min

  Des/Clust/Port     Wire Load Model       Library
  ------------------------------------------------
  UART_TX            tsmc13_wl10           scmetro_tsmc_cl013g_rvt_ff_1p32v_m40c

  Point                                                   Incr       Path
  --------------------------------------------------------------------------
  clock CLK (rise edge)                                   0.00       0.00
  clock network delay (ideal)                             0.00       0.00
  serializer/count_reg[0]/CK (DFFRQX2M)                   0.00       0.00 r
  serializer/count_reg[0]/Q (DFFRQX2M)                    0.58       0.58 r
  serializer/U12/Y (OAI22X1M)                             0.21       0.80 f
  serializer/count_reg[0]/D (DFFRQX2M)                    0.00       0.80 f
  data arrival time                                                  0.80

  clock CLK (rise edge)                                   0.00       0.00
  clock network delay (ideal)                             0.00       0.00
  clock uncertainty                                       0.05       0.05
  serializer/count_reg[0]/CK (DFFRQX2M)                   0.00       0.05 r
  library hold time                                      -0.03       0.02
  data required time                                                 0.02
  --------------------------------------------------------------------------
  data required time                                                 0.02
  data arrival time                                                 -0.80
  --------------------------------------------------------------------------
  slack (MET)                                                        0.78


  Startpoint: serializer/shift_register_reg[1]
              (rising edge-triggered flip-flop clocked by CLK)
  Endpoint: serializer/shift_register_reg[1]
            (rising edge-triggered flip-flop clocked by CLK)
  Path Group: CLK
  Path Type: min

  Des/Clust/Port     Wire Load Model       Library
  ------------------------------------------------
  UART_TX            tsmc13_wl10           scmetro_tsmc_cl013g_rvt_ff_1p32v_m40c

  Point                                                   Incr       Path
  --------------------------------------------------------------------------
  clock CLK (rise edge)                                   0.00       0.00
  clock network delay (ideal)                             0.00       0.00
  serializer/shift_register_reg[1]/CK (DFFRQX2M)          0.00       0.00 r
  serializer/shift_register_reg[1]/Q (DFFRQX2M)           0.56       0.56 f
  serializer/U20/Y (OAI2BB1X2M)                           0.25       0.81 f
  serializer/shift_register_reg[1]/D (DFFRQX2M)           0.00       0.81 f
  data arrival time                                                  0.81

  clock CLK (rise edge)                                   0.00       0.00
  clock network delay (ideal)                             0.00       0.00
  clock uncertainty                                       0.05       0.05
  serializer/shift_register_reg[1]/CK (DFFRQX2M)          0.00       0.05 r
  library hold time                                      -0.02       0.03
  data required time                                                 0.03
  --------------------------------------------------------------------------
  data required time                                                 0.03
  data arrival time                                                 -0.81
  --------------------------------------------------------------------------
  slack (MET)                                                        0.79


  Startpoint: serializer/shift_register_reg[0]
              (rising edge-triggered flip-flop clocked by CLK)
  Endpoint: serializer/shift_register_reg[0]
            (rising edge-triggered flip-flop clocked by CLK)
  Path Group: CLK
  Path Type: min

  Des/Clust/Port     Wire Load Model       Library
  ------------------------------------------------
  UART_TX            tsmc13_wl10           scmetro_tsmc_cl013g_rvt_ff_1p32v_m40c

  Point                                                   Incr       Path
  --------------------------------------------------------------------------
  clock CLK (rise edge)                                   0.00       0.00
  clock network delay (ideal)                             0.00       0.00
  serializer/shift_register_reg[0]/CK (DFFRQX2M)          0.00       0.00 r
  serializer/shift_register_reg[0]/Q (DFFRQX2M)           0.57       0.57 f
  serializer/U16/Y (OAI2BB1X2M)                           0.25       0.82 f
  serializer/shift_register_reg[0]/D (DFFRQX2M)           0.00       0.82 f
  data arrival time                                                  0.82

  clock CLK (rise edge)                                   0.00       0.00
  clock network delay (ideal)                             0.00       0.00
  clock uncertainty                                       0.05       0.05
  serializer/shift_register_reg[0]/CK (DFFRQX2M)          0.00       0.05 r
  library hold time                                      -0.02       0.03
  data required time                                                 0.03
  --------------------------------------------------------------------------
  data required time                                                 0.03
  data arrival time                                                 -0.82
  --------------------------------------------------------------------------
  slack (MET)                                                        0.79


  Startpoint: Parity_calc/Par_bit_reg
              (rising edge-triggered flip-flop clocked by CLK)
  Endpoint: Parity_calc/Par_bit_reg
            (rising edge-triggered flip-flop clocked by CLK)
  Path Group: CLK
  Path Type: min

  Des/Clust/Port     Wire Load Model       Library
  ------------------------------------------------
  UART_TX            tsmc13_wl10           scmetro_tsmc_cl013g_rvt_ff_1p32v_m40c

  Point                                                   Incr       Path
  --------------------------------------------------------------------------
  clock CLK (rise edge)                                   0.00       0.00
  clock network delay (ideal)                             0.00       0.00
  Parity_calc/Par_bit_reg/CK (DFFRQX2M)                   0.00       0.00 r
  Parity_calc/Par_bit_reg/Q (DFFRQX2M)                    0.57       0.57 f
  Parity_calc/U2/Y (OAI2BB2X1M)                           0.31       0.88 f
  Parity_calc/Par_bit_reg/D (DFFRQX2M)                    0.00       0.88 f
  data arrival time                                                  0.88

  clock CLK (rise edge)                                   0.00       0.00
  clock network delay (ideal)                             0.00       0.00
  clock uncertainty                                       0.05       0.05
  Parity_calc/Par_bit_reg/CK (DFFRQX2M)                   0.00       0.05 r
  library hold time                                      -0.03       0.02
  data required time                                                 0.02
  --------------------------------------------------------------------------
  data required time                                                 0.02
  data arrival time                                                 -0.88
  --------------------------------------------------------------------------
  slack (MET)                                                        0.86


  Startpoint: serializer/shift_register_reg[7]
              (rising edge-triggered flip-flop clocked by CLK)
  Endpoint: serializer/shift_register_reg[7]
            (rising edge-triggered flip-flop clocked by CLK)
  Path Group: CLK
  Path Type: min

  Des/Clust/Port     Wire Load Model       Library
  ------------------------------------------------
  UART_TX            tsmc13_wl10           scmetro_tsmc_cl013g_rvt_ff_1p32v_m40c

  Point                                                   Incr       Path
  --------------------------------------------------------------------------
  clock CLK (rise edge)                                   0.00       0.00
  clock network delay (ideal)                             0.00       0.00
  serializer/shift_register_reg[7]/CK (DFFRQX2M)          0.00       0.00 r
  serializer/shift_register_reg[7]/Q (DFFRQX2M)           0.50       0.50 r
  serializer/U30/Y (AO22X1M)                              0.25       0.76 r
  serializer/shift_register_reg[7]/D (DFFRQX2M)           0.00       0.76 r
  data arrival time                                                  0.76

  clock CLK (rise edge)                                   0.00       0.00
  clock network delay (ideal)                             0.00       0.00
  clock uncertainty                                       0.05       0.05
  serializer/shift_register_reg[7]/CK (DFFRQX2M)          0.00       0.05 r
  library hold time                                      -0.18      -0.13
  data required time                                                -0.13
  --------------------------------------------------------------------------
  data required time                                                -0.13
  data arrival time                                                 -0.76
  --------------------------------------------------------------------------
  slack (MET)                                                        0.89


  Startpoint: FSM/current_state_reg[1]
              (rising edge-triggered flip-flop clocked by CLK)
  Endpoint: FSM/current_state_reg[1]
            (rising edge-triggered flip-flop clocked by CLK)
  Path Group: CLK
  Path Type: min

  Des/Clust/Port     Wire Load Model       Library
  ------------------------------------------------
  UART_TX            tsmc13_wl10           scmetro_tsmc_cl013g_rvt_ff_1p32v_m40c

  Point                                                   Incr       Path
  --------------------------------------------------------------------------
  clock CLK (rise edge)                                   0.00       0.00
  clock network delay (ideal)                             0.00       0.00
  FSM/current_state_reg[1]/CK (DFFRQX2M)                  0.00       0.00 r
  FSM/current_state_reg[1]/Q (DFFRQX2M)                   0.70       0.70 r
  FSM/U17/Y (OAI32X1M)                                    0.28       0.98 f
  FSM/current_state_reg[1]/D (DFFRQX2M)                   0.00       0.98 f
  data arrival time                                                  0.98

  clock CLK (rise edge)                                   0.00       0.00
  clock network delay (ideal)                             0.00       0.00
  clock uncertainty                                       0.05       0.05
  FSM/current_state_reg[1]/CK (DFFRQX2M)                  0.00       0.05 r
  library hold time                                      -0.03       0.02
  data required time                                                 0.02
  --------------------------------------------------------------------------
  data required time                                                 0.02
  data arrival time                                                 -0.98
  --------------------------------------------------------------------------
  slack (MET)                                                        0.96


  Startpoint: FSM/current_state_reg[2]
              (rising edge-triggered flip-flop clocked by CLK)
  Endpoint: FSM/current_state_reg[0]
            (rising edge-triggered flip-flop clocked by CLK)
  Path Group: CLK
  Path Type: min

  Des/Clust/Port     Wire Load Model       Library
  ------------------------------------------------
  UART_TX            tsmc13_wl10           scmetro_tsmc_cl013g_rvt_ff_1p32v_m40c

  Point                                                   Incr       Path
  --------------------------------------------------------------------------
  clock CLK (rise edge)                                   0.00       0.00
  clock network delay (ideal)                             0.00       0.00
  FSM/current_state_reg[2]/CK (DFFRX1M)                   0.00       0.00 r
  FSM/current_state_reg[2]/QN (DFFRX1M)                   0.57       0.57 f
  FSM/U21/Y (NAND4BX1M)                                   0.28       0.85 r
  FSM/U19/Y (OAI31X1M)                                    0.15       1.00 f
  FSM/current_state_reg[0]/D (DFFRQX2M)                   0.00       1.00 f
  data arrival time                                                  1.00

  clock CLK (rise edge)                                   0.00       0.00
  clock network delay (ideal)                             0.00       0.00
  clock uncertainty                                       0.05       0.05
  FSM/current_state_reg[0]/CK (DFFRQX2M)                  0.00       0.05 r
  library hold time                                      -0.03       0.02
  data required time                                                 0.02
  --------------------------------------------------------------------------
  data required time                                                 0.02
  data arrival time                                                 -1.00
  --------------------------------------------------------------------------
  slack (MET)                                                        0.97


  Startpoint: FSM/current_state_reg[2]
              (rising edge-triggered flip-flop clocked by CLK)
  Endpoint: FSM/current_state_reg[2]
            (rising edge-triggered flip-flop clocked by CLK)
  Path Group: CLK
  Path Type: min

  Des/Clust/Port     Wire Load Model       Library
  ------------------------------------------------
  UART_TX            tsmc13_wl10           scmetro_tsmc_cl013g_rvt_ff_1p32v_m40c

  Point                                                   Incr       Path
  --------------------------------------------------------------------------
  clock CLK (rise edge)                                   0.00       0.00
  clock network delay (ideal)                             0.00       0.00
  FSM/current_state_reg[2]/CK (DFFRX1M)                   0.00       0.00 r
  FSM/current_state_reg[2]/QN (DFFRX1M)                   0.57       0.57 f
  FSM/U12/Y (NAND3X2M)                                    0.44       1.01 r
  FSM/U10/Y (OAI31X1M)                                    0.27       1.28 f
  FSM/current_state_reg[2]/D (DFFRX1M)                    0.00       1.28 f
  data arrival time                                                  1.28

  clock CLK (rise edge)                                   0.00       0.00
  clock network delay (ideal)                             0.00       0.00
  clock uncertainty                                       0.05       0.05
  FSM/current_state_reg[2]/CK (DFFRX1M)                   0.00       0.05 r
  library hold time                                      -0.02       0.03
  data required time                                                 0.03
  --------------------------------------------------------------------------
  data required time                                                 0.03
  data arrival time                                                 -1.28
  --------------------------------------------------------------------------
  slack (MET)                                                        1.25


  Startpoint: PAR_EN (input port clocked by CLK)
  Endpoint: FSM/current_state_reg[2]
            (rising edge-triggered flip-flop clocked by CLK)
  Path Group: INREG
  Path Type: min

  Des/Clust/Port     Wire Load Model       Library
  ------------------------------------------------
  UART_TX            tsmc13_wl10           scmetro_tsmc_cl013g_rvt_ff_1p32v_m40c

  Point                                                   Incr       Path
  --------------------------------------------------------------------------
  clock CLK (rise edge)                                   0.00       0.00
  clock network delay (ideal)                             0.00       0.00
  input external delay                                 2604.17    2604.17 r
  PAR_EN (in)                                             0.21    2604.37 r
  FSM/PAR_EN (FSM)                                        0.00    2604.37 r
  FSM/U10/Y (OAI31X1M)                                    0.23    2604.61 f
  FSM/current_state_reg[2]/D (DFFRX1M)                    0.00    2604.61 f
  data arrival time                                               2604.61

  clock CLK (rise edge)                                   0.00       0.00
  clock network delay (ideal)                             0.00       0.00
  clock uncertainty                                       0.05       0.05
  FSM/current_state_reg[2]/CK (DFFRX1M)                   0.00       0.05 r
  library hold time                                      -0.02       0.03
  data required time                                                 0.03
  --------------------------------------------------------------------------
  data required time                                                 0.03
  data arrival time                                              -2604.61
  --------------------------------------------------------------------------
  slack (MET)                                                     2604.58


  Startpoint: PAR_EN (input port clocked by CLK)
  Endpoint: FSM/current_state_reg[0]
            (rising edge-triggered flip-flop clocked by CLK)
  Path Group: INREG
  Path Type: min

  Des/Clust/Port     Wire Load Model       Library
  ------------------------------------------------
  UART_TX            tsmc13_wl10           scmetro_tsmc_cl013g_rvt_ff_1p32v_m40c

  Point                                                   Incr       Path
  --------------------------------------------------------------------------
  clock CLK (rise edge)                                   0.00       0.00
  clock network delay (ideal)                             0.00       0.00
  input external delay                                 2604.17    2604.17 f
  PAR_EN (in)                                             0.13    2604.29 f
  FSM/PAR_EN (FSM)                                        0.00    2604.29 f
  FSM/U20/Y (INVX2M)                                      0.14    2604.44 r
  FSM/U19/Y (OAI31X1M)                                    0.17    2604.61 f
  FSM/current_state_reg[0]/D (DFFRQX2M)                   0.00    2604.61 f
  data arrival time                                               2604.61

  clock CLK (rise edge)                                   0.00       0.00
  clock network delay (ideal)                             0.00       0.00
  clock uncertainty                                       0.05       0.05
  FSM/current_state_reg[0]/CK (DFFRQX2M)                  0.00       0.05 r
  library hold time                                      -0.03       0.02
  data required time                                                 0.02
  --------------------------------------------------------------------------
  data required time                                                 0.02
  data arrival time                                              -2604.61
  --------------------------------------------------------------------------
  slack (MET)                                                     2604.58


  Startpoint: P_DATA[7] (input port clocked by CLK)
  Endpoint: serializer/shift_register_reg[7]
            (rising edge-triggered flip-flop clocked by CLK)
  Path Group: INREG
  Path Type: min

  Des/Clust/Port     Wire Load Model       Library
  ------------------------------------------------
  UART_TX            tsmc13_wl10           scmetro_tsmc_cl013g_rvt_ff_1p32v_m40c

  Point                                                   Incr       Path
  --------------------------------------------------------------------------
  clock CLK (rise edge)                                   0.00       0.00
  clock network delay (ideal)                             0.00       0.00
  input external delay                                 2604.17    2604.17 f
  P_DATA[7] (in)                                          0.09    2604.25 f
  serializer/P_DATA[7] (serializer)                       0.00    2604.25 f
  serializer/U30/Y (AO22X1M)                              0.40    2604.65 f
  serializer/shift_register_reg[7]/D (DFFRQX2M)           0.00    2604.65 f
  data arrival time                                               2604.65

  clock CLK (rise edge)                                   0.00       0.00
  clock network delay (ideal)                             0.00       0.00
  clock uncertainty                                       0.05       0.05
  serializer/shift_register_reg[7]/CK (DFFRQX2M)          0.00       0.05 r
  library hold time                                      -0.03       0.02
  data required time                                                 0.02
  --------------------------------------------------------------------------
  data required time                                                 0.02
  data arrival time                                              -2604.65
  --------------------------------------------------------------------------
  slack (MET)                                                     2604.63


  Startpoint: P_DATA[3] (input port clocked by CLK)
  Endpoint: serializer/shift_register_reg[3]
            (rising edge-triggered flip-flop clocked by CLK)
  Path Group: INREG
  Path Type: min

  Des/Clust/Port     Wire Load Model       Library
  ------------------------------------------------
  UART_TX            tsmc13_wl10           scmetro_tsmc_cl013g_rvt_ff_1p32v_m40c

  Point                                                   Incr       Path
  --------------------------------------------------------------------------
  clock CLK (rise edge)                                   0.00       0.00
  clock network delay (ideal)                             0.00       0.00
  input external delay                                 2604.17    2604.17 f
  P_DATA[3] (in)                                          0.08    2604.25 f
  serializer/P_DATA[3] (serializer)                       0.00    2604.25 f
  serializer/U29/Y (AOI22X1M)                             0.28    2604.54 r
  serializer/U28/Y (OAI2BB1X2M)                           0.15    2604.68 f
  serializer/shift_register_reg[3]/D (DFFRQX2M)           0.00    2604.68 f
  data arrival time                                               2604.68

  clock CLK (rise edge)                                   0.00       0.00
  clock network delay (ideal)                             0.00       0.00
  clock uncertainty                                       0.05       0.05
  serializer/shift_register_reg[3]/CK (DFFRQX2M)          0.00       0.05 r
  library hold time                                      -0.02       0.03
  data required time                                                 0.03
  --------------------------------------------------------------------------
  data required time                                                 0.03
  data arrival time                                              -2604.68
  --------------------------------------------------------------------------
  slack (MET)                                                     2604.66


  Startpoint: P_DATA[6] (input port clocked by CLK)
  Endpoint: serializer/shift_register_reg[6]
            (rising edge-triggered flip-flop clocked by CLK)
  Path Group: INREG
  Path Type: min

  Des/Clust/Port     Wire Load Model       Library
  ------------------------------------------------
  UART_TX            tsmc13_wl10           scmetro_tsmc_cl013g_rvt_ff_1p32v_m40c

  Point                                                   Incr       Path
  --------------------------------------------------------------------------
  clock CLK (rise edge)                                   0.00       0.00
  clock network delay (ideal)                             0.00       0.00
  input external delay                                 2604.17    2604.17 f
  P_DATA[6] (in)                                          0.09    2604.25 f
  serializer/P_DATA[6] (serializer)                       0.00    2604.25 f
  serializer/U27/Y (AOI22X1M)                             0.28    2604.54 r
  serializer/U26/Y (OAI2BB1X2M)                           0.15    2604.68 f
  serializer/shift_register_reg[6]/D (DFFRQX2M)           0.00    2604.68 f
  data arrival time                                               2604.68

  clock CLK (rise edge)                                   0.00       0.00
  clock network delay (ideal)                             0.00       0.00
  clock uncertainty                                       0.05       0.05
  serializer/shift_register_reg[6]/CK (DFFRQX2M)          0.00       0.05 r
  library hold time                                      -0.02       0.03
  data required time                                                 0.03
  --------------------------------------------------------------------------
  data required time                                                 0.03
  data arrival time                                              -2604.68
  --------------------------------------------------------------------------
  slack (MET)                                                     2604.66


  Startpoint: P_DATA[2] (input port clocked by CLK)
  Endpoint: serializer/shift_register_reg[2]
            (rising edge-triggered flip-flop clocked by CLK)
  Path Group: INREG
  Path Type: min

  Des/Clust/Port     Wire Load Model       Library
  ------------------------------------------------
  UART_TX            tsmc13_wl10           scmetro_tsmc_cl013g_rvt_ff_1p32v_m40c

  Point                                                   Incr       Path
  --------------------------------------------------------------------------
  clock CLK (rise edge)                                   0.00       0.00
  clock network delay (ideal)                             0.00       0.00
  input external delay                                 2604.17    2604.17 f
  P_DATA[2] (in)                                          0.09    2604.25 f
  serializer/P_DATA[2] (serializer)                       0.00    2604.25 f
  serializer/U25/Y (AOI22X1M)                             0.28    2604.54 r
  serializer/U24/Y (OAI2BB1X2M)                           0.15    2604.68 f
  serializer/shift_register_reg[2]/D (DFFRQX2M)           0.00    2604.68 f
  data arrival time                                               2604.68

  clock CLK (rise edge)                                   0.00       0.00
  clock network delay (ideal)                             0.00       0.00
  clock uncertainty                                       0.05       0.05
  serializer/shift_register_reg[2]/CK (DFFRQX2M)          0.00       0.05 r
  library hold time                                      -0.02       0.03
  data required time                                                 0.03
  --------------------------------------------------------------------------
  data required time                                                 0.03
  data arrival time                                              -2604.68
  --------------------------------------------------------------------------
  slack (MET)                                                     2604.66


  Startpoint: P_DATA[5] (input port clocked by CLK)
  Endpoint: serializer/shift_register_reg[5]
            (rising edge-triggered flip-flop clocked by CLK)
  Path Group: INREG
  Path Type: min

  Des/Clust/Port     Wire Load Model       Library
  ------------------------------------------------
  UART_TX            tsmc13_wl10           scmetro_tsmc_cl013g_rvt_ff_1p32v_m40c

  Point                                                   Incr       Path
  --------------------------------------------------------------------------
  clock CLK (rise edge)                                   0.00       0.00
  clock network delay (ideal)                             0.00       0.00
  input external delay                                 2604.17    2604.17 f
  P_DATA[5] (in)                                          0.09    2604.25 f
  serializer/P_DATA[5] (serializer)                       0.00    2604.25 f
  serializer/U23/Y (AOI22X1M)                             0.28    2604.54 r
  serializer/U22/Y (OAI2BB1X2M)                           0.15    2604.68 f
  serializer/shift_register_reg[5]/D (DFFRQX2M)           0.00    2604.68 f
  data arrival time                                               2604.68

  clock CLK (rise edge)                                   0.00       0.00
  clock network delay (ideal)                             0.00       0.00
  clock uncertainty                                       0.05       0.05
  serializer/shift_register_reg[5]/CK (DFFRQX2M)          0.00       0.05 r
  library hold time                                      -0.02       0.03
  data required time                                                 0.03
  --------------------------------------------------------------------------
  data required time                                                 0.03
  data arrival time                                              -2604.68
  --------------------------------------------------------------------------
  slack (MET)                                                     2604.66


  Startpoint: P_DATA[1] (input port clocked by CLK)
  Endpoint: serializer/shift_register_reg[1]
            (rising edge-triggered flip-flop clocked by CLK)
  Path Group: INREG
  Path Type: min

  Des/Clust/Port     Wire Load Model       Library
  ------------------------------------------------
  UART_TX            tsmc13_wl10           scmetro_tsmc_cl013g_rvt_ff_1p32v_m40c

  Point                                                   Incr       Path
  --------------------------------------------------------------------------
  clock CLK (rise edge)                                   0.00       0.00
  clock network delay (ideal)                             0.00       0.00
  input external delay                                 2604.17    2604.17 f
  P_DATA[1] (in)                                          0.09    2604.25 f
  serializer/P_DATA[1] (serializer)                       0.00    2604.25 f
  serializer/U21/Y (AOI22X1M)                             0.28    2604.54 r
  serializer/U20/Y (OAI2BB1X2M)                           0.15    2604.68 f
  serializer/shift_register_reg[1]/D (DFFRQX2M)           0.00    2604.68 f
  data arrival time                                               2604.68

  clock CLK (rise edge)                                   0.00       0.00
  clock network delay (ideal)                             0.00       0.00
  clock uncertainty                                       0.05       0.05
  serializer/shift_register_reg[1]/CK (DFFRQX2M)          0.00       0.05 r
  library hold time                                      -0.02       0.03
  data required time                                                 0.03
  --------------------------------------------------------------------------
  data required time                                                 0.03
  data arrival time                                              -2604.68
  --------------------------------------------------------------------------
  slack (MET)                                                     2604.66


  Startpoint: P_DATA[4] (input port clocked by CLK)
  Endpoint: serializer/shift_register_reg[4]
            (rising edge-triggered flip-flop clocked by CLK)
  Path Group: INREG
  Path Type: min

  Des/Clust/Port     Wire Load Model       Library
  ------------------------------------------------
  UART_TX            tsmc13_wl10           scmetro_tsmc_cl013g_rvt_ff_1p32v_m40c

  Point                                                   Incr       Path
  --------------------------------------------------------------------------
  clock CLK (rise edge)                                   0.00       0.00
  clock network delay (ideal)                             0.00       0.00
  input external delay                                 2604.17    2604.17 f
  P_DATA[4] (in)                                          0.09    2604.25 f
  serializer/P_DATA[4] (serializer)                       0.00    2604.25 f
  serializer/U19/Y (AOI22X1M)                             0.29    2604.54 r
  serializer/U18/Y (OAI2BB1X2M)                           0.15    2604.68 f
  serializer/shift_register_reg[4]/D (DFFRQX2M)           0.00    2604.68 f
  data arrival time                                               2604.68

  clock CLK (rise edge)                                   0.00       0.00
  clock network delay (ideal)                             0.00       0.00
  clock uncertainty                                       0.05       0.05
  serializer/shift_register_reg[4]/CK (DFFRQX2M)          0.00       0.05 r
  library hold time                                      -0.02       0.03
  data required time                                                 0.03
  --------------------------------------------------------------------------
  data required time                                                 0.03
  data arrival time                                              -2604.68
  --------------------------------------------------------------------------
  slack (MET)                                                     2604.66


  Startpoint: P_DATA[0] (input port clocked by CLK)
  Endpoint: serializer/shift_register_reg[0]
            (rising edge-triggered flip-flop clocked by CLK)
  Path Group: INREG
  Path Type: min

  Des/Clust/Port     Wire Load Model       Library
  ------------------------------------------------
  UART_TX            tsmc13_wl10           scmetro_tsmc_cl013g_rvt_ff_1p32v_m40c

  Point                                                   Incr       Path
  --------------------------------------------------------------------------
  clock CLK (rise edge)                                   0.00       0.00
  clock network delay (ideal)                             0.00       0.00
  input external delay                                 2604.17    2604.17 f
  P_DATA[0] (in)                                          0.09    2604.25 f
  serializer/P_DATA[0] (serializer)                       0.00    2604.25 f
  serializer/U17/Y (AOI22X1M)                             0.29    2604.54 r
  serializer/U16/Y (OAI2BB1X2M)                           0.15    2604.68 f
  serializer/shift_register_reg[0]/D (DFFRQX2M)           0.00    2604.68 f
  data arrival time                                               2604.68

  clock CLK (rise edge)                                   0.00       0.00
  clock network delay (ideal)                             0.00       0.00
  clock uncertainty                                       0.05       0.05
  serializer/shift_register_reg[0]/CK (DFFRQX2M)          0.00       0.05 r
  library hold time                                      -0.02       0.03
  data required time                                                 0.03
  --------------------------------------------------------------------------
  data required time                                                 0.03
  data arrival time                                              -2604.68
  --------------------------------------------------------------------------
  slack (MET)                                                     2604.66


  Startpoint: PAR_EN (input port clocked by CLK)
  Endpoint: FSM/current_state_reg[1]
            (rising edge-triggered flip-flop clocked by CLK)
  Path Group: INREG
  Path Type: min

  Des/Clust/Port     Wire Load Model       Library
  ------------------------------------------------
  UART_TX            tsmc13_wl10           scmetro_tsmc_cl013g_rvt_ff_1p32v_m40c

  Point                                                   Incr       Path
  --------------------------------------------------------------------------
  clock CLK (rise edge)                                   0.00       0.00
  clock network delay (ideal)                             0.00       0.00
  input external delay                                 2604.17    2604.17 f
  PAR_EN (in)                                             0.13    2604.29 f
  FSM/PAR_EN (FSM)                                        0.00    2604.29 f
  FSM/U18/Y (NOR2X2M)                                     0.23    2604.52 r
  FSM/U17/Y (OAI32X1M)                                    0.17    2604.69 f
  FSM/current_state_reg[1]/D (DFFRQX2M)                   0.00    2604.69 f
  data arrival time                                               2604.69

  clock CLK (rise edge)                                   0.00       0.00
  clock network delay (ideal)                             0.00       0.00
  clock uncertainty                                       0.05       0.05
  FSM/current_state_reg[1]/CK (DFFRQX2M)                  0.00       0.05 r
  library hold time                                      -0.03       0.02
  data required time                                                 0.02
  --------------------------------------------------------------------------
  data required time                                                 0.02
  data arrival time                                              -2604.69
  --------------------------------------------------------------------------
  slack (MET)                                                     2604.67


  Startpoint: Data_Valid (input port clocked by CLK)
  Endpoint: Parity_calc/Par_bit_reg
            (rising edge-triggered flip-flop clocked by CLK)
  Path Group: INREG
  Path Type: min

  Des/Clust/Port     Wire Load Model       Library
  ------------------------------------------------
  UART_TX            tsmc13_wl10           scmetro_tsmc_cl013g_rvt_ff_1p32v_m40c

  Point                                                   Incr       Path
  --------------------------------------------------------------------------
  clock CLK (rise edge)                                   0.00       0.00
  clock network delay (ideal)                             0.00       0.00
  input external delay                                 2604.17    2604.17 f
  Data_Valid (in)                                         0.12    2604.28 f
  Parity_calc/Data_Valid (Parity_calc)                    0.00    2604.28 f
  Parity_calc/U3/Y (NAND2BX1M)                            0.27    2604.56 r
  Parity_calc/U2/Y (OAI2BB2X1M)                           0.24    2604.80 f
  Parity_calc/Par_bit_reg/D (DFFRQX2M)                    0.00    2604.80 f
  data arrival time                                               2604.80

  clock CLK (rise edge)                                   0.00       0.00
  clock network delay (ideal)                             0.00       0.00
  clock uncertainty                                       0.05       0.05
  Parity_calc/Par_bit_reg/CK (DFFRQX2M)                   0.00       0.05 r
  library hold time                                      -0.03       0.02
  data required time                                                 0.02
  --------------------------------------------------------------------------
  data required time                                                 0.02
  data arrival time                                              -2604.80
  --------------------------------------------------------------------------
  slack (MET)                                                     2604.78


  Startpoint: Data_Valid (input port clocked by CLK)
  Endpoint: serializer/count_reg[0]
            (rising edge-triggered flip-flop clocked by CLK)
  Path Group: INREG
  Path Type: min

  Des/Clust/Port     Wire Load Model       Library
  ------------------------------------------------
  UART_TX            tsmc13_wl10           scmetro_tsmc_cl013g_rvt_ff_1p32v_m40c

  Point                                                   Incr       Path
  --------------------------------------------------------------------------
  clock CLK (rise edge)                                   0.00       0.00
  clock network delay (ideal)                             0.00       0.00
  input external delay                                 2604.17    2604.17 f
  Data_Valid (in)                                         0.12    2604.28 f
  serializer/Data_Valid (serializer)                      0.00    2604.28 f
  serializer/U15/Y (NOR2BXLM)                             0.28    2604.57 f
  serializer/U3/Y (BUFX2M)                                0.56    2605.12 f
  serializer/U8/Y (INVX2M)                                0.34    2605.46 r
  serializer/U12/Y (OAI22X1M)                             0.19    2605.65 f
  serializer/count_reg[0]/D (DFFRQX2M)                    0.00    2605.65 f
  data arrival time                                               2605.65

  clock CLK (rise edge)                                   0.00       0.00
  clock network delay (ideal)                             0.00       0.00
  clock uncertainty                                       0.05       0.05
  serializer/count_reg[0]/CK (DFFRQX2M)                   0.00       0.05 r
  library hold time                                      -0.03       0.02
  data required time                                                 0.02
  --------------------------------------------------------------------------
  data required time                                                 0.02
  data arrival time                                              -2605.65
  --------------------------------------------------------------------------
  slack (MET)                                                     2605.64


  Startpoint: Data_Valid (input port clocked by CLK)
  Endpoint: serializer/count_reg[1]
            (rising edge-triggered flip-flop clocked by CLK)
  Path Group: INREG
  Path Type: min

  Des/Clust/Port     Wire Load Model       Library
  ------------------------------------------------
  UART_TX            tsmc13_wl10           scmetro_tsmc_cl013g_rvt_ff_1p32v_m40c

  Point                                                   Incr       Path
  --------------------------------------------------------------------------
  clock CLK (rise edge)                                   0.00       0.00
  clock network delay (ideal)                             0.00       0.00
  input external delay                                 2604.17    2604.17 f
  Data_Valid (in)                                         0.12    2604.28 f
  serializer/Data_Valid (serializer)                      0.00    2604.28 f
  serializer/U15/Y (NOR2BXLM)                             0.28    2604.57 f
  serializer/U3/Y (BUFX2M)                                0.56    2605.12 f
  serializer/U7/Y (AOI21X2M)                              0.42    2605.54 r
  serializer/U13/Y (OAI22X1M)                             0.20    2605.74 f
  serializer/count_reg[1]/D (DFFRQX2M)                    0.00    2605.74 f
  data arrival time                                               2605.74

  clock CLK (rise edge)                                   0.00       0.00
  clock network delay (ideal)                             0.00       0.00
  clock uncertainty                                       0.05       0.05
  serializer/count_reg[1]/CK (DFFRQX2M)                   0.00       0.05 r
  library hold time                                      -0.03       0.02
  data required time                                                 0.02
  --------------------------------------------------------------------------
  data required time                                                 0.02
  data arrival time                                              -2605.74
  --------------------------------------------------------------------------
  slack (MET)                                                     2605.72


  Startpoint: Data_Valid (input port clocked by CLK)
  Endpoint: serializer/count_reg[2]
            (rising edge-triggered flip-flop clocked by CLK)
  Path Group: INREG
  Path Type: min

  Des/Clust/Port     Wire Load Model       Library
  ------------------------------------------------
  UART_TX            tsmc13_wl10           scmetro_tsmc_cl013g_rvt_ff_1p32v_m40c

  Point                                                   Incr       Path
  --------------------------------------------------------------------------
  clock CLK (rise edge)                                   0.00       0.00
  clock network delay (ideal)                             0.00       0.00
  input external delay                                 2604.17    2604.17 f
  Data_Valid (in)                                         0.12    2604.28 f
  serializer/Data_Valid (serializer)                      0.00    2604.28 f
  serializer/U15/Y (NOR2BXLM)                             0.28    2604.57 f
  serializer/U3/Y (BUFX2M)                                0.56    2605.12 f
  serializer/U7/Y (AOI21X2M)                              0.42    2605.54 r
  serializer/U11/Y (OA21X2M)                              0.22    2605.77 r
  serializer/U10/Y (OAI32X1M)                             0.13    2605.90 f
  serializer/count_reg[2]/D (DFFRQX2M)                    0.00    2605.90 f
  data arrival time                                               2605.90

  clock CLK (rise edge)                                   0.00       0.00
  clock network delay (ideal)                             0.00       0.00
  clock uncertainty                                       0.05       0.05
  serializer/count_reg[2]/CK (DFFRQX2M)                   0.00       0.05 r
  library hold time                                      -0.03       0.02
  data required time                                                 0.02
  --------------------------------------------------------------------------
  data required time                                                 0.02
  data arrival time                                              -2605.90
  --------------------------------------------------------------------------
  slack (MET)                                                     2605.87


  Startpoint: FSM/current_state_reg[2]
              (rising edge-triggered flip-flop clocked by CLK)
  Endpoint: Busy (output port clocked by CLK)
  Path Group: REGOUT
  Path Type: min

  Des/Clust/Port     Wire Load Model       Library
  ------------------------------------------------
  UART_TX            tsmc13_wl10           scmetro_tsmc_cl013g_rvt_ff_1p32v_m40c

  Point                                                   Incr       Path
  --------------------------------------------------------------------------
  clock CLK (rise edge)                                   0.00       0.00
  clock network delay (ideal)                             0.00       0.00
  FSM/current_state_reg[2]/CK (DFFRX1M)                   0.00       0.00 r
  FSM/current_state_reg[2]/QN (DFFRX1M)                   0.57       0.57 f
  FSM/U8/Y (NAND2X2M)                                     0.36       0.93 r
  FSM/U3/Y (OA21X2M)                                      0.28       1.20 r
  FSM/U4/Y (INVX8M)                                       0.43       1.63 f
  FSM/busy (FSM)                                          0.00       1.63 f
  Busy (out)                                              0.00       1.63 f
  data arrival time                                                  1.63

  clock CLK (rise edge)                                   0.00       0.00
  clock network delay (ideal)                             0.00       0.00
  clock uncertainty                                       0.05       0.05
  output external delay                               -2604.17   -2604.12
  data required time                                             -2604.12
  --------------------------------------------------------------------------
  data required time                                             -2604.12
  data arrival time                                                 -1.63
  --------------------------------------------------------------------------
  slack (MET)                                                     2605.75


  Startpoint: serializer/shift_register_reg[0]
              (rising edge-triggered flip-flop clocked by CLK)
  Endpoint: TX_OUT (output port clocked by CLK)
  Path Group: REGOUT
  Path Type: min

  Des/Clust/Port     Wire Load Model       Library
  ------------------------------------------------
  UART_TX            tsmc13_wl10           scmetro_tsmc_cl013g_rvt_ff_1p32v_m40c

  Point                                                   Incr       Path
  --------------------------------------------------------------------------
  clock CLK (rise edge)                                   0.00       0.00
  clock network delay (ideal)                             0.00       0.00
  serializer/shift_register_reg[0]/CK (DFFRQX2M)          0.00       0.00 r
  serializer/shift_register_reg[0]/Q (DFFRQX2M)           0.57       0.57 f
  serializer/ser_data (serializer)                        0.00       0.57 f
  MUX/ser_data (MUX)                                      0.00       0.57 f
  MUX/U5/Y (NAND3X2M)                                     0.17       0.74 r
  MUX/U4/Y (OAI21X2M)                                     0.11       0.85 f
  MUX/U3/Y (CLKBUFX8M)                                    0.87       1.72 f
  MUX/TX_OUT (MUX)                                        0.00       1.72 f
  TX_OUT (out)                                            0.00       1.72 f
  data arrival time                                                  1.72

  clock CLK (rise edge)                                   0.00       0.00
  clock network delay (ideal)                             0.00       0.00
  clock uncertainty                                       0.05       0.05
  output external delay                               -2604.17   -2604.12
  data required time                                             -2604.12
  --------------------------------------------------------------------------
  data required time                                             -2604.12
  data arrival time                                                 -1.72
  --------------------------------------------------------------------------
  slack (MET)                                                     2605.84


1
