 
****************************************
Report : timing
        -path full
        -delay max
        -max_paths 100
Design : UART_TX
Version: O-2018.06-SP1
Date   : Mon Sep  7 05:16:06 2026
****************************************

Operating Conditions: scmetro_tsmc_cl013g_rvt_ss_1p08v_125c   Library: scmetro_tsmc_cl013g_rvt_ss_1p08v_125c
Wire Load Model Mode: top

  Startpoint: FSM/current_state_reg[1]
              (rising edge-triggered flip-flop clocked by CLK)
  Endpoint: serializer/count_reg[2]
            (rising edge-triggered flip-flop clocked by CLK)
  Path Group: CLK
  Path Type: max

  Des/Clust/Port     Wire Load Model       Library
  ------------------------------------------------
  UART_TX            tsmc13_wl10           scmetro_tsmc_cl013g_rvt_ff_1p32v_m40c

  Point                                                   Incr       Path
  --------------------------------------------------------------------------
  clock CLK (rise edge)                                   0.00       0.00
  clock network delay (ideal)                             0.00       0.00
  FSM/current_state_reg[1]/CK (DFFRQX2M)                  0.00       0.00 r
  FSM/current_state_reg[1]/Q (DFFRQX2M)                   0.70       0.70 r
  FSM/U15/Y (NAND2X2M)                                    0.26       0.96 f
  FSM/U14/Y (NOR2X2M)                                     0.38       1.34 r
  FSM/U5/Y (AOI21XLM)                                     0.25       1.59 f
  FSM/U3/Y (OA21X2M)                                      0.50       2.09 f
  FSM/U4/Y (INVX8M)                                       0.79       2.88 r
  FSM/busy (FSM)                                          0.00       2.88 r
  serializer/Busy (serializer)                            0.00       2.88 r
  serializer/U15/Y (NOR2BXLM)                             0.34       3.21 f
  serializer/U3/Y (BUFX2M)                                0.62       3.83 f
  serializer/U8/Y (INVX2M)                                0.34       4.17 r
  serializer/U5/Y (NAND2X2M)                              0.27       4.44 f
  serializer/U4/Y (INVX2M)                                0.77       5.20 r
  serializer/U7/Y (AOI21X2M)                              0.34       5.55 f
  serializer/U11/Y (OA21X2M)                              0.28       5.83 f
  serializer/U10/Y (OAI32X1M)                             0.29       6.12 r
  serializer/count_reg[2]/D (DFFRQX2M)                    0.00       6.12 r
  data arrival time                                                  6.12

  clock CLK (rise edge)                                8680.56    8680.56
  clock network delay (ideal)                             0.00    8680.56
  clock uncertainty                                      -0.25    8680.31
  serializer/count_reg[2]/CK (DFFRQX2M)                   0.00    8680.31 r
  library setup time                                     -0.38    8679.92
  data required time                                              8679.92
  --------------------------------------------------------------------------
  data required time                                              8679.92
  data arrival time                                                 -6.12
  --------------------------------------------------------------------------
  slack (MET)                                                     8673.80


  Startpoint: FSM/current_state_reg[1]
              (rising edge-triggered flip-flop clocked by CLK)
  Endpoint: serializer/count_reg[1]
            (rising edge-triggered flip-flop clocked by CLK)
  Path Group: CLK
  Path Type: max

  Des/Clust/Port     Wire Load Model       Library
  ------------------------------------------------
  UART_TX            tsmc13_wl10           scmetro_tsmc_cl013g_rvt_ff_1p32v_m40c

  Point                                                   Incr       Path
  --------------------------------------------------------------------------
  clock CLK (rise edge)                                   0.00       0.00
  clock network delay (ideal)                             0.00       0.00
  FSM/current_state_reg[1]/CK (DFFRQX2M)                  0.00       0.00 r
  FSM/current_state_reg[1]/Q (DFFRQX2M)                   0.70       0.70 r
  FSM/U15/Y (NAND2X2M)                                    0.26       0.96 f
  FSM/U14/Y (NOR2X2M)                                     0.38       1.34 r
  FSM/U5/Y (AOI21XLM)                                     0.25       1.59 f
  FSM/U3/Y (OA21X2M)                                      0.50       2.09 f
  FSM/U4/Y (INVX8M)                                       0.79       2.88 r
  FSM/busy (FSM)                                          0.00       2.88 r
  serializer/Busy (serializer)                            0.00       2.88 r
  serializer/U15/Y (NOR2BXLM)                             0.34       3.21 f
  serializer/U3/Y (BUFX2M)                                0.62       3.83 f
  serializer/U8/Y (INVX2M)                                0.34       4.17 r
  serializer/U5/Y (NAND2X2M)                              0.27       4.44 f
  serializer/U4/Y (INVX2M)                                0.77       5.20 r
  serializer/U14/Y (NAND2X2M)                             0.33       5.53 f
  serializer/U13/Y (OAI22X1M)                             0.42       5.95 r
  serializer/count_reg[1]/D (DFFRQX2M)                    0.00       5.95 r
  data arrival time                                                  5.95

  clock CLK (rise edge)                                8680.56    8680.56
  clock network delay (ideal)                             0.00    8680.56
  clock uncertainty                                      -0.25    8680.31
  serializer/count_reg[1]/CK (DFFRQX2M)                   0.00    8680.31 r
  library setup time                                     -0.35    8679.96
  data required time                                              8679.96
  --------------------------------------------------------------------------
  data required time                                              8679.96
  data arrival time                                                 -5.95
  --------------------------------------------------------------------------
  slack (MET)                                                     8674.01


  Startpoint: FSM/current_state_reg[1]
              (rising edge-triggered flip-flop clocked by CLK)
  Endpoint: serializer/shift_register_reg[7]
            (rising edge-triggered flip-flop clocked by CLK)
  Path Group: CLK
  Path Type: max

  Des/Clust/Port     Wire Load Model       Library
  ------------------------------------------------
  UART_TX            tsmc13_wl10           scmetro_tsmc_cl013g_rvt_ff_1p32v_m40c

  Point                                                   Incr       Path
  --------------------------------------------------------------------------
  clock CLK (rise edge)                                   0.00       0.00
  clock network delay (ideal)                             0.00       0.00
  FSM/current_state_reg[1]/CK (DFFRQX2M)                  0.00       0.00 r
  FSM/current_state_reg[1]/Q (DFFRQX2M)                   0.70       0.70 r
  FSM/U15/Y (NAND2X2M)                                    0.26       0.96 f
  FSM/U14/Y (NOR2X2M)                                     0.38       1.34 r
  FSM/U5/Y (AOI21XLM)                                     0.25       1.59 f
  FSM/U3/Y (OA21X2M)                                      0.50       2.09 f
  FSM/U4/Y (INVX8M)                                       0.79       2.88 r
  FSM/busy (FSM)                                          0.00       2.88 r
  serializer/Busy (serializer)                            0.00       2.88 r
  serializer/U15/Y (NOR2BXLM)                             0.34       3.21 f
  serializer/U3/Y (BUFX2M)                                0.62       3.83 f
  serializer/U8/Y (INVX2M)                                0.34       4.17 r
  serializer/U5/Y (NAND2X2M)                              0.27       4.44 f
  serializer/U4/Y (INVX2M)                                0.77       5.20 r
  serializer/U6/Y (NOR2X4M)                               0.42       5.62 f
  serializer/U30/Y (AO22X1M)                              0.51       6.13 f
  serializer/shift_register_reg[7]/D (DFFRQX2M)           0.00       6.13 f
  data arrival time                                                  6.13

  clock CLK (rise edge)                                8680.56    8680.56
  clock network delay (ideal)                             0.00    8680.56
  clock uncertainty                                      -0.25    8680.31
  serializer/shift_register_reg[7]/CK (DFFRQX2M)          0.00    8680.31 r
  library setup time                                     -0.16    8680.14
  data required time                                              8680.14
  --------------------------------------------------------------------------
  data required time                                              8680.14
  data arrival time                                                 -6.13
  --------------------------------------------------------------------------
  slack (MET)                                                     8674.01


  Startpoint: FSM/current_state_reg[1]
              (rising edge-triggered flip-flop clocked by CLK)
  Endpoint: serializer/shift_register_reg[6]
            (rising edge-triggered flip-flop clocked by CLK)
  Path Group: CLK
  Path Type: max

  Des/Clust/Port     Wire Load Model       Library
  ------------------------------------------------
  UART_TX            tsmc13_wl10           scmetro_tsmc_cl013g_rvt_ff_1p32v_m40c

  Point                                                   Incr       Path
  --------------------------------------------------------------------------
  clock CLK (rise edge)                                   0.00       0.00
  clock network delay (ideal)                             0.00       0.00
  FSM/current_state_reg[1]/CK (DFFRQX2M)                  0.00       0.00 r
  FSM/current_state_reg[1]/Q (DFFRQX2M)                   0.70       0.70 r
  FSM/U15/Y (NAND2X2M)                                    0.26       0.96 f
  FSM/U14/Y (NOR2X2M)                                     0.38       1.34 r
  FSM/U5/Y (AOI21XLM)                                     0.25       1.59 f
  FSM/U3/Y (OA21X2M)                                      0.50       2.09 f
  FSM/U4/Y (INVX8M)                                       0.79       2.88 r
  FSM/busy (FSM)                                          0.00       2.88 r
  serializer/Busy (serializer)                            0.00       2.88 r
  serializer/U15/Y (NOR2BXLM)                             0.34       3.21 f
  serializer/U3/Y (BUFX2M)                                0.62       3.83 f
  serializer/U8/Y (INVX2M)                                0.34       4.17 r
  serializer/U5/Y (NAND2X2M)                              0.27       4.44 f
  serializer/U4/Y (INVX2M)                                0.77       5.20 r
  serializer/U6/Y (NOR2X4M)                               0.42       5.62 f
  serializer/U26/Y (OAI2BB1X2M)                           0.33       5.96 f
  serializer/shift_register_reg[6]/D (DFFRQX2M)           0.00       5.96 f
  data arrival time                                                  5.96

  clock CLK (rise edge)                                8680.56    8680.56
  clock network delay (ideal)                             0.00    8680.56
  clock uncertainty                                      -0.25    8680.31
  serializer/shift_register_reg[6]/CK (DFFRQX2M)          0.00    8680.31 r
  library setup time                                     -0.16    8680.15
  data required time                                              8680.15
  --------------------------------------------------------------------------
  data required time                                              8680.15
  data arrival time                                                 -5.96
  --------------------------------------------------------------------------
  slack (MET)                                                     8674.19


  Startpoint: FSM/current_state_reg[1]
              (rising edge-triggered flip-flop clocked by CLK)
  Endpoint: serializer/shift_register_reg[5]
            (rising edge-triggered flip-flop clocked by CLK)
  Path Group: CLK
  Path Type: max

  Des/Clust/Port     Wire Load Model       Library
  ------------------------------------------------
  UART_TX            tsmc13_wl10           scmetro_tsmc_cl013g_rvt_ff_1p32v_m40c

  Point                                                   Incr       Path
  --------------------------------------------------------------------------
  clock CLK (rise edge)                                   0.00       0.00
  clock network delay (ideal)                             0.00       0.00
  FSM/current_state_reg[1]/CK (DFFRQX2M)                  0.00       0.00 r
  FSM/current_state_reg[1]/Q (DFFRQX2M)                   0.70       0.70 r
  FSM/U15/Y (NAND2X2M)                                    0.26       0.96 f
  FSM/U14/Y (NOR2X2M)                                     0.38       1.34 r
  FSM/U5/Y (AOI21XLM)                                     0.25       1.59 f
  FSM/U3/Y (OA21X2M)                                      0.50       2.09 f
  FSM/U4/Y (INVX8M)                                       0.79       2.88 r
  FSM/busy (FSM)                                          0.00       2.88 r
  serializer/Busy (serializer)                            0.00       2.88 r
  serializer/U15/Y (NOR2BXLM)                             0.34       3.21 f
  serializer/U3/Y (BUFX2M)                                0.62       3.83 f
  serializer/U8/Y (INVX2M)                                0.34       4.17 r
  serializer/U5/Y (NAND2X2M)                              0.27       4.44 f
  serializer/U4/Y (INVX2M)                                0.77       5.20 r
  serializer/U6/Y (NOR2X4M)                               0.42       5.62 f
  serializer/U22/Y (OAI2BB1X2M)                           0.33       5.96 f
  serializer/shift_register_reg[5]/D (DFFRQX2M)           0.00       5.96 f
  data arrival time                                                  5.96

  clock CLK (rise edge)                                8680.56    8680.56
  clock network delay (ideal)                             0.00    8680.56
  clock uncertainty                                      -0.25    8680.31
  serializer/shift_register_reg[5]/CK (DFFRQX2M)          0.00    8680.31 r
  library setup time                                     -0.16    8680.15
  data required time                                              8680.15
  --------------------------------------------------------------------------
  data required time                                              8680.15
  data arrival time                                                 -5.96
  --------------------------------------------------------------------------
  slack (MET)                                                     8674.19


  Startpoint: FSM/current_state_reg[1]
              (rising edge-triggered flip-flop clocked by CLK)
  Endpoint: serializer/shift_register_reg[4]
            (rising edge-triggered flip-flop clocked by CLK)
  Path Group: CLK
  Path Type: max

  Des/Clust/Port     Wire Load Model       Library
  ------------------------------------------------
  UART_TX            tsmc13_wl10           scmetro_tsmc_cl013g_rvt_ff_1p32v_m40c

  Point                                                   Incr       Path
  --------------------------------------------------------------------------
  clock CLK (rise edge)                                   0.00       0.00
  clock network delay (ideal)                             0.00       0.00
  FSM/current_state_reg[1]/CK (DFFRQX2M)                  0.00       0.00 r
  FSM/current_state_reg[1]/Q (DFFRQX2M)                   0.70       0.70 r
  FSM/U15/Y (NAND2X2M)                                    0.26       0.96 f
  FSM/U14/Y (NOR2X2M)                                     0.38       1.34 r
  FSM/U5/Y (AOI21XLM)                                     0.25       1.59 f
  FSM/U3/Y (OA21X2M)                                      0.50       2.09 f
  FSM/U4/Y (INVX8M)                                       0.79       2.88 r
  FSM/busy (FSM)                                          0.00       2.88 r
  serializer/Busy (serializer)                            0.00       2.88 r
  serializer/U15/Y (NOR2BXLM)                             0.34       3.21 f
  serializer/U3/Y (BUFX2M)                                0.62       3.83 f
  serializer/U8/Y (INVX2M)                                0.34       4.17 r
  serializer/U5/Y (NAND2X2M)                              0.27       4.44 f
  serializer/U4/Y (INVX2M)                                0.77       5.20 r
  serializer/U6/Y (NOR2X4M)                               0.42       5.62 f
  serializer/U18/Y (OAI2BB1X2M)                           0.33       5.96 f
  serializer/shift_register_reg[4]/D (DFFRQX2M)           0.00       5.96 f
  data arrival time                                                  5.96

  clock CLK (rise edge)                                8680.56    8680.56
  clock network delay (ideal)                             0.00    8680.56
  clock uncertainty                                      -0.25    8680.31
  serializer/shift_register_reg[4]/CK (DFFRQX2M)          0.00    8680.31 r
  library setup time                                     -0.16    8680.15
  data required time                                              8680.15
  --------------------------------------------------------------------------
  data required time                                              8680.15
  data arrival time                                                 -5.96
  --------------------------------------------------------------------------
  slack (MET)                                                     8674.19


  Startpoint: FSM/current_state_reg[1]
              (rising edge-triggered flip-flop clocked by CLK)
  Endpoint: serializer/shift_register_reg[3]
            (rising edge-triggered flip-flop clocked by CLK)
  Path Group: CLK
  Path Type: max

  Des/Clust/Port     Wire Load Model       Library
  ------------------------------------------------
  UART_TX            tsmc13_wl10           scmetro_tsmc_cl013g_rvt_ff_1p32v_m40c

  Point                                                   Incr       Path
  --------------------------------------------------------------------------
  clock CLK (rise edge)                                   0.00       0.00
  clock network delay (ideal)                             0.00       0.00
  FSM/current_state_reg[1]/CK (DFFRQX2M)                  0.00       0.00 r
  FSM/current_state_reg[1]/Q (DFFRQX2M)                   0.70       0.70 r
  FSM/U15/Y (NAND2X2M)                                    0.26       0.96 f
  FSM/U14/Y (NOR2X2M)                                     0.38       1.34 r
  FSM/U5/Y (AOI21XLM)                                     0.25       1.59 f
  FSM/U3/Y (OA21X2M)                                      0.50       2.09 f
  FSM/U4/Y (INVX8M)                                       0.79       2.88 r
  FSM/busy (FSM)                                          0.00       2.88 r
  serializer/Busy (serializer)                            0.00       2.88 r
  serializer/U15/Y (NOR2BXLM)                             0.34       3.21 f
  serializer/U3/Y (BUFX2M)                                0.62       3.83 f
  serializer/U8/Y (INVX2M)                                0.34       4.17 r
  serializer/U5/Y (NAND2X2M)                              0.27       4.44 f
  serializer/U4/Y (INVX2M)                                0.77       5.20 r
  serializer/U6/Y (NOR2X4M)                               0.42       5.62 f
  serializer/U28/Y (OAI2BB1X2M)                           0.33       5.96 f
  serializer/shift_register_reg[3]/D (DFFRQX2M)           0.00       5.96 f
  data arrival time                                                  5.96

  clock CLK (rise edge)                                8680.56    8680.56
  clock network delay (ideal)                             0.00    8680.56
  clock uncertainty                                      -0.25    8680.31
  serializer/shift_register_reg[3]/CK (DFFRQX2M)          0.00    8680.31 r
  library setup time                                     -0.16    8680.15
  data required time                                              8680.15
  --------------------------------------------------------------------------
  data required time                                              8680.15
  data arrival time                                                 -5.96
  --------------------------------------------------------------------------
  slack (MET)                                                     8674.19


  Startpoint: FSM/current_state_reg[1]
              (rising edge-triggered flip-flop clocked by CLK)
  Endpoint: serializer/shift_register_reg[2]
            (rising edge-triggered flip-flop clocked by CLK)
  Path Group: CLK
  Path Type: max

  Des/Clust/Port     Wire Load Model       Library
  ------------------------------------------------
  UART_TX            tsmc13_wl10           scmetro_tsmc_cl013g_rvt_ff_1p32v_m40c

  Point                                                   Incr       Path
  --------------------------------------------------------------------------
  clock CLK (rise edge)                                   0.00       0.00
  clock network delay (ideal)                             0.00       0.00
  FSM/current_state_reg[1]/CK (DFFRQX2M)                  0.00       0.00 r
  FSM/current_state_reg[1]/Q (DFFRQX2M)                   0.70       0.70 r
  FSM/U15/Y (NAND2X2M)                                    0.26       0.96 f
  FSM/U14/Y (NOR2X2M)                                     0.38       1.34 r
  FSM/U5/Y (AOI21XLM)                                     0.25       1.59 f
  FSM/U3/Y (OA21X2M)                                      0.50       2.09 f
  FSM/U4/Y (INVX8M)                                       0.79       2.88 r
  FSM/busy (FSM)                                          0.00       2.88 r
  serializer/Busy (serializer)                            0.00       2.88 r
  serializer/U15/Y (NOR2BXLM)                             0.34       3.21 f
  serializer/U3/Y (BUFX2M)                                0.62       3.83 f
  serializer/U8/Y (INVX2M)                                0.34       4.17 r
  serializer/U5/Y (NAND2X2M)                              0.27       4.44 f
  serializer/U4/Y (INVX2M)                                0.77       5.20 r
  serializer/U6/Y (NOR2X4M)                               0.42       5.62 f
  serializer/U24/Y (OAI2BB1X2M)                           0.33       5.96 f
  serializer/shift_register_reg[2]/D (DFFRQX2M)           0.00       5.96 f
  data arrival time                                                  5.96

  clock CLK (rise edge)                                8680.56    8680.56
  clock network delay (ideal)                             0.00    8680.56
  clock uncertainty                                      -0.25    8680.31
  serializer/shift_register_reg[2]/CK (DFFRQX2M)          0.00    8680.31 r
  library setup time                                     -0.16    8680.15
  data required time                                              8680.15
  --------------------------------------------------------------------------
  data required time                                              8680.15
  data arrival time                                                 -5.96
  --------------------------------------------------------------------------
  slack (MET)                                                     8674.19


  Startpoint: FSM/current_state_reg[1]
              (rising edge-triggered flip-flop clocked by CLK)
  Endpoint: serializer/shift_register_reg[1]
            (rising edge-triggered flip-flop clocked by CLK)
  Path Group: CLK
  Path Type: max

  Des/Clust/Port     Wire Load Model       Library
  ------------------------------------------------
  UART_TX            tsmc13_wl10           scmetro_tsmc_cl013g_rvt_ff_1p32v_m40c

  Point                                                   Incr       Path
  --------------------------------------------------------------------------
  clock CLK (rise edge)                                   0.00       0.00
  clock network delay (ideal)                             0.00       0.00
  FSM/current_state_reg[1]/CK (DFFRQX2M)                  0.00       0.00 r
  FSM/current_state_reg[1]/Q (DFFRQX2M)                   0.70       0.70 r
  FSM/U13/Y (CLKXOR2X2M)                                  0.55       1.25 f
  FSM/U8/Y (NAND2X2M)                                     0.31       1.56 r
  FSM/U3/Y (OA21X2M)                                      0.31       1.87 r
  FSM/U4/Y (INVX8M)                                       0.43       2.30 f
  FSM/busy (FSM)                                          0.00       2.30 f
  serializer/Busy (serializer)                            0.00       2.30 f
  serializer/U15/Y (NOR2BXLM)                             0.52       2.82 r
  serializer/U3/Y (BUFX2M)                                0.89       3.71 r
  serializer/U8/Y (INVX2M)                                0.31       4.02 f
  serializer/U5/Y (NAND2X2M)                              0.34       4.36 r
  serializer/U4/Y (INVX2M)                                0.47       4.83 f
  serializer/U6/Y (NOR2X4M)                               0.69       5.51 r
  serializer/U20/Y (OAI2BB1X2M)                           0.28       5.79 r
  serializer/shift_register_reg[1]/D (DFFRQX2M)           0.00       5.79 r
  data arrival time                                                  5.79

  clock CLK (rise edge)                                8680.56    8680.56
  clock network delay (ideal)                             0.00    8680.56
  clock uncertainty                                      -0.25    8680.31
  serializer/shift_register_reg[1]/CK (DFFRQX2M)          0.00    8680.31 r
  library setup time                                     -0.30    8680.00
  data required time                                              8680.00
  --------------------------------------------------------------------------
  data required time                                              8680.00
  data arrival time                                                 -5.79
  --------------------------------------------------------------------------
  slack (MET)                                                     8674.21


  Startpoint: FSM/current_state_reg[1]
              (rising edge-triggered flip-flop clocked by CLK)
  Endpoint: serializer/shift_register_reg[0]
            (rising edge-triggered flip-flop clocked by CLK)
  Path Group: CLK
  Path Type: max

  Des/Clust/Port     Wire Load Model       Library
  ------------------------------------------------
  UART_TX            tsmc13_wl10           scmetro_tsmc_cl013g_rvt_ff_1p32v_m40c

  Point                                                   Incr       Path
  --------------------------------------------------------------------------
  clock CLK (rise edge)                                   0.00       0.00
  clock network delay (ideal)                             0.00       0.00
  FSM/current_state_reg[1]/CK (DFFRQX2M)                  0.00       0.00 r
  FSM/current_state_reg[1]/Q (DFFRQX2M)                   0.70       0.70 r
  FSM/U13/Y (CLKXOR2X2M)                                  0.55       1.25 f
  FSM/U8/Y (NAND2X2M)                                     0.31       1.56 r
  FSM/U3/Y (OA21X2M)                                      0.31       1.87 r
  FSM/U4/Y (INVX8M)                                       0.43       2.30 f
  FSM/busy (FSM)                                          0.00       2.30 f
  serializer/Busy (serializer)                            0.00       2.30 f
  serializer/U15/Y (NOR2BXLM)                             0.52       2.82 r
  serializer/U3/Y (BUFX2M)                                0.89       3.71 r
  serializer/U8/Y (INVX2M)                                0.31       4.02 f
  serializer/U5/Y (NAND2X2M)                              0.34       4.36 r
  serializer/U4/Y (INVX2M)                                0.47       4.83 f
  serializer/U6/Y (NOR2X4M)                               0.69       5.51 r
  serializer/U16/Y (OAI2BB1X2M)                           0.28       5.79 r
  serializer/shift_register_reg[0]/D (DFFRQX2M)           0.00       5.79 r
  data arrival time                                                  5.79

  clock CLK (rise edge)                                8680.56    8680.56
  clock network delay (ideal)                             0.00    8680.56
  clock uncertainty                                      -0.25    8680.31
  serializer/shift_register_reg[0]/CK (DFFRQX2M)          0.00    8680.31 r
  library setup time                                     -0.30    8680.00
  data required time                                              8680.00
  --------------------------------------------------------------------------
  data required time                                              8680.00
  data arrival time                                                 -5.79
  --------------------------------------------------------------------------
  slack (MET)                                                     8674.21


  Startpoint: FSM/current_state_reg[1]
              (rising edge-triggered flip-flop clocked by CLK)
  Endpoint: serializer/count_reg[0]
            (rising edge-triggered flip-flop clocked by CLK)
  Path Group: CLK
  Path Type: max

  Des/Clust/Port     Wire Load Model       Library
  ------------------------------------------------
  UART_TX            tsmc13_wl10           scmetro_tsmc_cl013g_rvt_ff_1p32v_m40c

  Point                                                   Incr       Path
  --------------------------------------------------------------------------
  clock CLK (rise edge)                                   0.00       0.00
  clock network delay (ideal)                             0.00       0.00
  FSM/current_state_reg[1]/CK (DFFRQX2M)                  0.00       0.00 r
  FSM/current_state_reg[1]/Q (DFFRQX2M)                   0.70       0.70 r
  FSM/U15/Y (NAND2X2M)                                    0.26       0.96 f
  FSM/U14/Y (NOR2X2M)                                     0.38       1.34 r
  FSM/U5/Y (AOI21XLM)                                     0.25       1.59 f
  FSM/U3/Y (OA21X2M)                                      0.50       2.09 f
  FSM/U4/Y (INVX8M)                                       0.79       2.88 r
  FSM/busy (FSM)                                          0.00       2.88 r
  serializer/Busy (serializer)                            0.00       2.88 r
  serializer/U15/Y (NOR2BXLM)                             0.34       3.21 f
  serializer/U3/Y (BUFX2M)                                0.62       3.83 f
  serializer/U8/Y (INVX2M)                                0.34       4.17 r
  serializer/U5/Y (NAND2X2M)                              0.27       4.44 f
  serializer/U12/Y (OAI22X1M)                             0.41       4.85 r
  serializer/count_reg[0]/D (DFFRQX2M)                    0.00       4.85 r
  data arrival time                                                  4.85

  clock CLK (rise edge)                                8680.56    8680.56
  clock network delay (ideal)                             0.00    8680.56
  clock uncertainty                                      -0.25    8680.31
  serializer/count_reg[0]/CK (DFFRQX2M)                   0.00    8680.31 r
  library setup time                                     -0.35    8679.96
  data required time                                              8679.96
  --------------------------------------------------------------------------
  data required time                                              8679.96
  data arrival time                                                 -4.85
  --------------------------------------------------------------------------
  slack (MET)                                                     8675.11


  Startpoint: FSM/current_state_reg[1]
              (rising edge-triggered flip-flop clocked by CLK)
  Endpoint: Parity_calc/Par_bit_reg
            (rising edge-triggered flip-flop clocked by CLK)
  Path Group: CLK
  Path Type: max

  Des/Clust/Port     Wire Load Model       Library
  ------------------------------------------------
  UART_TX            tsmc13_wl10           scmetro_tsmc_cl013g_rvt_ff_1p32v_m40c

  Point                                                   Incr       Path
  --------------------------------------------------------------------------
  clock CLK (rise edge)                                   0.00       0.00
  clock network delay (ideal)                             0.00       0.00
  FSM/current_state_reg[1]/CK (DFFRQX2M)                  0.00       0.00 r
  FSM/current_state_reg[1]/Q (DFFRQX2M)                   0.70       0.70 r
  FSM/U15/Y (NAND2X2M)                                    0.26       0.96 f
  FSM/U14/Y (NOR2X2M)                                     0.38       1.34 r
  FSM/U5/Y (AOI21XLM)                                     0.25       1.59 f
  FSM/U3/Y (OA21X2M)                                      0.50       2.09 f
  FSM/U4/Y (INVX8M)                                       0.79       2.88 r
  FSM/busy (FSM)                                          0.00       2.88 r
  Parity_calc/busy (Parity_calc)                          0.00       2.88 r
  Parity_calc/U3/Y (NAND2BX1M)                            0.37       3.24 r
  Parity_calc/U2/Y (OAI2BB2X1M)                           0.28       3.52 r
  Parity_calc/Par_bit_reg/D (DFFRQX2M)                    0.00       3.52 r
  data arrival time                                                  3.52

  clock CLK (rise edge)                                8680.56    8680.56
  clock network delay (ideal)                             0.00    8680.56
  clock uncertainty                                      -0.25    8680.31
  Parity_calc/Par_bit_reg/CK (DFFRQX2M)                   0.00    8680.31 r
  library setup time                                     -0.34    8679.97
  data required time                                              8679.97
  --------------------------------------------------------------------------
  data required time                                              8679.97
  data arrival time                                                 -3.52
  --------------------------------------------------------------------------
  slack (MET)                                                     8676.45


  Startpoint: serializer/count_reg[0]
              (rising edge-triggered flip-flop clocked by CLK)
  Endpoint: FSM/current_state_reg[0]
            (rising edge-triggered flip-flop clocked by CLK)
  Path Group: CLK
  Path Type: max

  Des/Clust/Port     Wire Load Model       Library
  ------------------------------------------------
  UART_TX            tsmc13_wl10           scmetro_tsmc_cl013g_rvt_ff_1p32v_m40c

  Point                                                   Incr       Path
  --------------------------------------------------------------------------
  clock CLK (rise edge)                                   0.00       0.00
  clock network delay (ideal)                             0.00       0.00
  serializer/count_reg[0]/CK (DFFRQX2M)                   0.00       0.00 r
  serializer/count_reg[0]/Q (DFFRQX2M)                    0.58       0.58 r
  serializer/U31/Y (INVX2M)                               0.23       0.81 f
  serializer/U9/Y (NOR3X2M)                               0.39       1.20 r
  serializer/ser_done (serializer)                        0.00       1.20 r
  FSM/ser_done (FSM)                                      0.00       1.20 r
  FSM/U11/Y (INVX2M)                                      0.25       1.46 f
  FSM/U19/Y (OAI31X1M)                                    0.52       1.97 r
  FSM/current_state_reg[0]/D (DFFRQX2M)                   0.00       1.97 r
  data arrival time                                                  1.97

  clock CLK (rise edge)                                8680.56    8680.56
  clock network delay (ideal)                             0.00    8680.56
  clock uncertainty                                      -0.25    8680.31
  FSM/current_state_reg[0]/CK (DFFRQX2M)                  0.00    8680.31 r
  library setup time                                     -0.37    8679.94
  data required time                                              8679.94
  --------------------------------------------------------------------------
  data required time                                              8679.94
  data arrival time                                                 -1.97
  --------------------------------------------------------------------------
  slack (MET)                                                     8677.97


  Startpoint: serializer/count_reg[0]
              (rising edge-triggered flip-flop clocked by CLK)
  Endpoint: FSM/current_state_reg[2]
            (rising edge-triggered flip-flop clocked by CLK)
  Path Group: CLK
  Path Type: max

  Des/Clust/Port     Wire Load Model       Library
  ------------------------------------------------
  UART_TX            tsmc13_wl10           scmetro_tsmc_cl013g_rvt_ff_1p32v_m40c

  Point                                                   Incr       Path
  --------------------------------------------------------------------------
  clock CLK (rise edge)                                   0.00       0.00
  clock network delay (ideal)                             0.00       0.00
  serializer/count_reg[0]/CK (DFFRQX2M)                   0.00       0.00 r
  serializer/count_reg[0]/Q (DFFRQX2M)                    0.58       0.58 r
  serializer/U31/Y (INVX2M)                               0.23       0.81 f
  serializer/U9/Y (NOR3X2M)                               0.39       1.20 r
  serializer/ser_done (serializer)                        0.00       1.20 r
  FSM/ser_done (FSM)                                      0.00       1.20 r
  FSM/U11/Y (INVX2M)                                      0.25       1.46 f
  FSM/U10/Y (OAI31X1M)                                    0.47       1.93 r
  FSM/current_state_reg[2]/D (DFFRX1M)                    0.00       1.93 r
  data arrival time                                                  1.93

  clock CLK (rise edge)                                8680.56    8680.56
  clock network delay (ideal)                             0.00    8680.56
  clock uncertainty                                      -0.25    8680.31
  FSM/current_state_reg[2]/CK (DFFRX1M)                   0.00    8680.31 r
  library setup time                                     -0.31    8680.00
  data required time                                              8680.00
  --------------------------------------------------------------------------
  data required time                                              8680.00
  data arrival time                                                 -1.93
  --------------------------------------------------------------------------
  slack (MET)                                                     8678.07


  Startpoint: serializer/count_reg[0]
              (rising edge-triggered flip-flop clocked by CLK)
  Endpoint: FSM/current_state_reg[1]
            (rising edge-triggered flip-flop clocked by CLK)
  Path Group: CLK
  Path Type: max

  Des/Clust/Port     Wire Load Model       Library
  ------------------------------------------------
  UART_TX            tsmc13_wl10           scmetro_tsmc_cl013g_rvt_ff_1p32v_m40c

  Point                                                   Incr       Path
  --------------------------------------------------------------------------
  clock CLK (rise edge)                                   0.00       0.00
  clock network delay (ideal)                             0.00       0.00
  serializer/count_reg[0]/CK (DFFRQX2M)                   0.00       0.00 r
  serializer/count_reg[0]/Q (DFFRQX2M)                    0.58       0.58 r
  serializer/U31/Y (INVX2M)                               0.23       0.81 f
  serializer/U9/Y (NOR3X2M)                               0.39       1.20 r
  serializer/ser_done (serializer)                        0.00       1.20 r
  FSM/ser_done (FSM)                                      0.00       1.20 r
  FSM/U11/Y (INVX2M)                                      0.25       1.46 f
  FSM/U18/Y (NOR2X2M)                                     0.25       1.70 r
  FSM/U17/Y (OAI32X1M)                                    0.23       1.93 f
  FSM/current_state_reg[1]/D (DFFRQX2M)                   0.00       1.93 f
  data arrival time                                                  1.93

  clock CLK (rise edge)                                8680.56    8680.56
  clock network delay (ideal)                             0.00    8680.56
  clock uncertainty                                      -0.25    8680.31
  FSM/current_state_reg[1]/CK (DFFRQX2M)                  0.00    8680.31 r
  library setup time                                     -0.18    8680.12
  data required time                                              8680.12
  --------------------------------------------------------------------------
  data required time                                              8680.12
  data arrival time                                                 -1.93
  --------------------------------------------------------------------------
  slack (MET)                                                     8678.19


  Startpoint: Data_Valid (input port clocked by CLK)
  Endpoint: serializer/shift_register_reg[7]
            (rising edge-triggered flip-flop clocked by CLK)
  Path Group: INREG
  Path Type: max

  Des/Clust/Port     Wire Load Model       Library
  ------------------------------------------------
  UART_TX            tsmc13_wl10           scmetro_tsmc_cl013g_rvt_ff_1p32v_m40c

  Point                                                   Incr       Path
  --------------------------------------------------------------------------
  clock CLK (rise edge)                                   0.00       0.00
  clock network delay (ideal)                             0.00       0.00
  input external delay                                 2604.17    2604.17 r
  Data_Valid (in)                                         0.19    2604.36 r
  serializer/Data_Valid (serializer)                      0.00    2604.36 r
  serializer/U15/Y (NOR2BXLM)                             0.48    2604.84 r
  serializer/U3/Y (BUFX2M)                                0.89    2605.73 r
  serializer/U8/Y (INVX2M)                                0.31    2606.04 f
  serializer/U5/Y (NAND2X2M)                              0.34    2606.37 r
  serializer/U4/Y (INVX2M)                                0.47    2606.84 f
  serializer/U6/Y (NOR2X4M)                               0.69    2607.53 r
  serializer/U30/Y (AO22X1M)                              0.33    2607.86 r
  serializer/shift_register_reg[7]/D (DFFRQX2M)           0.00    2607.86 r
  data arrival time                                               2607.86

  clock CLK (rise edge)                                8680.56    8680.56
  clock network delay (ideal)                             0.00    8680.56
  clock uncertainty                                      -0.25    8680.31
  serializer/shift_register_reg[7]/CK (DFFRQX2M)          0.00    8680.31 r
  library setup time                                     -0.30    8680.00
  data required time                                              8680.00
  --------------------------------------------------------------------------
  data required time                                              8680.00
  data arrival time                                              -2607.86
  --------------------------------------------------------------------------
  slack (MET)                                                     6072.14


  Startpoint: Data_Valid (input port clocked by CLK)
  Endpoint: serializer/shift_register_reg[1]
            (rising edge-triggered flip-flop clocked by CLK)
  Path Group: INREG
  Path Type: max

  Des/Clust/Port     Wire Load Model       Library
  ------------------------------------------------
  UART_TX            tsmc13_wl10           scmetro_tsmc_cl013g_rvt_ff_1p32v_m40c

  Point                                                   Incr       Path
  --------------------------------------------------------------------------
  clock CLK (rise edge)                                   0.00       0.00
  clock network delay (ideal)                             0.00       0.00
  input external delay                                 2604.17    2604.17 r
  Data_Valid (in)                                         0.19    2604.36 r
  serializer/Data_Valid (serializer)                      0.00    2604.36 r
  serializer/U15/Y (NOR2BXLM)                             0.48    2604.84 r
  serializer/U3/Y (BUFX2M)                                0.89    2605.73 r
  serializer/U8/Y (INVX2M)                                0.31    2606.04 f
  serializer/U5/Y (NAND2X2M)                              0.34    2606.37 r
  serializer/U4/Y (INVX2M)                                0.47    2606.84 f
  serializer/U6/Y (NOR2X4M)                               0.69    2607.53 r
  serializer/U20/Y (OAI2BB1X2M)                           0.28    2607.81 r
  serializer/shift_register_reg[1]/D (DFFRQX2M)           0.00    2607.81 r
  data arrival time                                               2607.81

  clock CLK (rise edge)                                8680.56    8680.56
  clock network delay (ideal)                             0.00    8680.56
  clock uncertainty                                      -0.25    8680.31
  serializer/shift_register_reg[1]/CK (DFFRQX2M)          0.00    8680.31 r
  library setup time                                     -0.30    8680.00
  data required time                                              8680.00
  --------------------------------------------------------------------------
  data required time                                              8680.00
  data arrival time                                              -2607.81
  --------------------------------------------------------------------------
  slack (MET)                                                     6072.20


  Startpoint: Data_Valid (input port clocked by CLK)
  Endpoint: serializer/shift_register_reg[0]
            (rising edge-triggered flip-flop clocked by CLK)
  Path Group: INREG
  Path Type: max

  Des/Clust/Port     Wire Load Model       Library
  ------------------------------------------------
  UART_TX            tsmc13_wl10           scmetro_tsmc_cl013g_rvt_ff_1p32v_m40c

  Point                                                   Incr       Path
  --------------------------------------------------------------------------
  clock CLK (rise edge)                                   0.00       0.00
  clock network delay (ideal)                             0.00       0.00
  input external delay                                 2604.17    2604.17 r
  Data_Valid (in)                                         0.19    2604.36 r
  serializer/Data_Valid (serializer)                      0.00    2604.36 r
  serializer/U15/Y (NOR2BXLM)                             0.48    2604.84 r
  serializer/U3/Y (BUFX2M)                                0.89    2605.73 r
  serializer/U8/Y (INVX2M)                                0.31    2606.04 f
  serializer/U5/Y (NAND2X2M)                              0.34    2606.37 r
  serializer/U4/Y (INVX2M)                                0.47    2606.84 f
  serializer/U6/Y (NOR2X4M)                               0.69    2607.53 r
  serializer/U16/Y (OAI2BB1X2M)                           0.28    2607.81 r
  serializer/shift_register_reg[0]/D (DFFRQX2M)           0.00    2607.81 r
  data arrival time                                               2607.81

  clock CLK (rise edge)                                8680.56    8680.56
  clock network delay (ideal)                             0.00    8680.56
  clock uncertainty                                      -0.25    8680.31
  serializer/shift_register_reg[0]/CK (DFFRQX2M)          0.00    8680.31 r
  library setup time                                     -0.30    8680.00
  data required time                                              8680.00
  --------------------------------------------------------------------------
  data required time                                              8680.00
  data arrival time                                              -2607.81
  --------------------------------------------------------------------------
  slack (MET)                                                     6072.20


  Startpoint: Data_Valid (input port clocked by CLK)
  Endpoint: serializer/shift_register_reg[6]
            (rising edge-triggered flip-flop clocked by CLK)
  Path Group: INREG
  Path Type: max

  Des/Clust/Port     Wire Load Model       Library
  ------------------------------------------------
  UART_TX            tsmc13_wl10           scmetro_tsmc_cl013g_rvt_ff_1p32v_m40c

  Point                                                   Incr       Path
  --------------------------------------------------------------------------
  clock CLK (rise edge)                                   0.00       0.00
  clock network delay (ideal)                             0.00       0.00
  input external delay                                 2604.17    2604.17 r
  Data_Valid (in)                                         0.19    2604.36 r
  serializer/Data_Valid (serializer)                      0.00    2604.36 r
  serializer/U15/Y (NOR2BXLM)                             0.48    2604.84 r
  serializer/U3/Y (BUFX2M)                                0.89    2605.73 r
  serializer/U8/Y (INVX2M)                                0.31    2606.04 f
  serializer/U5/Y (NAND2X2M)                              0.34    2606.37 r
  serializer/U4/Y (INVX2M)                                0.47    2606.84 f
  serializer/U6/Y (NOR2X4M)                               0.69    2607.53 r
  serializer/U26/Y (OAI2BB1X2M)                           0.26    2607.79 r
  serializer/shift_register_reg[6]/D (DFFRQX2M)           0.00    2607.79 r
  data arrival time                                               2607.79

  clock CLK (rise edge)                                8680.56    8680.56
  clock network delay (ideal)                             0.00    8680.56
  clock uncertainty                                      -0.25    8680.31
  serializer/shift_register_reg[6]/CK (DFFRQX2M)          0.00    8680.31 r
  library setup time                                     -0.30    8680.00
  data required time                                              8680.00
  --------------------------------------------------------------------------
  data required time                                              8680.00
  data arrival time                                              -2607.79
  --------------------------------------------------------------------------
  slack (MET)                                                     6072.21


  Startpoint: Data_Valid (input port clocked by CLK)
  Endpoint: serializer/shift_register_reg[5]
            (rising edge-triggered flip-flop clocked by CLK)
  Path Group: INREG
  Path Type: max

  Des/Clust/Port     Wire Load Model       Library
  ------------------------------------------------
  UART_TX            tsmc13_wl10           scmetro_tsmc_cl013g_rvt_ff_1p32v_m40c

  Point                                                   Incr       Path
  --------------------------------------------------------------------------
  clock CLK (rise edge)                                   0.00       0.00
  clock network delay (ideal)                             0.00       0.00
  input external delay                                 2604.17    2604.17 r
  Data_Valid (in)                                         0.19    2604.36 r
  serializer/Data_Valid (serializer)                      0.00    2604.36 r
  serializer/U15/Y (NOR2BXLM)                             0.48    2604.84 r
  serializer/U3/Y (BUFX2M)                                0.89    2605.73 r
  serializer/U8/Y (INVX2M)                                0.31    2606.04 f
  serializer/U5/Y (NAND2X2M)                              0.34    2606.37 r
  serializer/U4/Y (INVX2M)                                0.47    2606.84 f
  serializer/U6/Y (NOR2X4M)                               0.69    2607.53 r
  serializer/U22/Y (OAI2BB1X2M)                           0.26    2607.79 r
  serializer/shift_register_reg[5]/D (DFFRQX2M)           0.00    2607.79 r
  data arrival time                                               2607.79

  clock CLK (rise edge)                                8680.56    8680.56
  clock network delay (ideal)                             0.00    8680.56
  clock uncertainty                                      -0.25    8680.31
  serializer/shift_register_reg[5]/CK (DFFRQX2M)          0.00    8680.31 r
  library setup time                                     -0.30    8680.00
  data required time                                              8680.00
  --------------------------------------------------------------------------
  data required time                                              8680.00
  data arrival time                                              -2607.79
  --------------------------------------------------------------------------
  slack (MET)                                                     6072.21


  Startpoint: Data_Valid (input port clocked by CLK)
  Endpoint: serializer/shift_register_reg[4]
            (rising edge-triggered flip-flop clocked by CLK)
  Path Group: INREG
  Path Type: max

  Des/Clust/Port     Wire Load Model       Library
  ------------------------------------------------
  UART_TX            tsmc13_wl10           scmetro_tsmc_cl013g_rvt_ff_1p32v_m40c

  Point                                                   Incr       Path
  --------------------------------------------------------------------------
  clock CLK (rise edge)                                   0.00       0.00
  clock network delay (ideal)                             0.00       0.00
  input external delay                                 2604.17    2604.17 r
  Data_Valid (in)                                         0.19    2604.36 r
  serializer/Data_Valid (serializer)                      0.00    2604.36 r
  serializer/U15/Y (NOR2BXLM)                             0.48    2604.84 r
  serializer/U3/Y (BUFX2M)                                0.89    2605.73 r
  serializer/U8/Y (INVX2M)                                0.31    2606.04 f
  serializer/U5/Y (NAND2X2M)                              0.34    2606.37 r
  serializer/U4/Y (INVX2M)                                0.47    2606.84 f
  serializer/U6/Y (NOR2X4M)                               0.69    2607.53 r
  serializer/U18/Y (OAI2BB1X2M)                           0.26    2607.79 r
  serializer/shift_register_reg[4]/D (DFFRQX2M)           0.00    2607.79 r
  data arrival time                                               2607.79

  clock CLK (rise edge)                                8680.56    8680.56
  clock network delay (ideal)                             0.00    8680.56
  clock uncertainty                                      -0.25    8680.31
  serializer/shift_register_reg[4]/CK (DFFRQX2M)          0.00    8680.31 r
  library setup time                                     -0.30    8680.00
  data required time                                              8680.00
  --------------------------------------------------------------------------
  data required time                                              8680.00
  data arrival time                                              -2607.79
  --------------------------------------------------------------------------
  slack (MET)                                                     6072.21


  Startpoint: Data_Valid (input port clocked by CLK)
  Endpoint: serializer/shift_register_reg[3]
            (rising edge-triggered flip-flop clocked by CLK)
  Path Group: INREG
  Path Type: max

  Des/Clust/Port     Wire Load Model       Library
  ------------------------------------------------
  UART_TX            tsmc13_wl10           scmetro_tsmc_cl013g_rvt_ff_1p32v_m40c

  Point                                                   Incr       Path
  --------------------------------------------------------------------------
  clock CLK (rise edge)                                   0.00       0.00
  clock network delay (ideal)                             0.00       0.00
  input external delay                                 2604.17    2604.17 r
  Data_Valid (in)                                         0.19    2604.36 r
  serializer/Data_Valid (serializer)                      0.00    2604.36 r
  serializer/U15/Y (NOR2BXLM)                             0.48    2604.84 r
  serializer/U3/Y (BUFX2M)                                0.89    2605.73 r
  serializer/U8/Y (INVX2M)                                0.31    2606.04 f
  serializer/U5/Y (NAND2X2M)                              0.34    2606.37 r
  serializer/U4/Y (INVX2M)                                0.47    2606.84 f
  serializer/U6/Y (NOR2X4M)                               0.69    2607.53 r
  serializer/U28/Y (OAI2BB1X2M)                           0.26    2607.79 r
  serializer/shift_register_reg[3]/D (DFFRQX2M)           0.00    2607.79 r
  data arrival time                                               2607.79

  clock CLK (rise edge)                                8680.56    8680.56
  clock network delay (ideal)                             0.00    8680.56
  clock uncertainty                                      -0.25    8680.31
  serializer/shift_register_reg[3]/CK (DFFRQX2M)          0.00    8680.31 r
  library setup time                                     -0.30    8680.00
  data required time                                              8680.00
  --------------------------------------------------------------------------
  data required time                                              8680.00
  data arrival time                                              -2607.79
  --------------------------------------------------------------------------
  slack (MET)                                                     6072.21


  Startpoint: Data_Valid (input port clocked by CLK)
  Endpoint: serializer/shift_register_reg[2]
            (rising edge-triggered flip-flop clocked by CLK)
  Path Group: INREG
  Path Type: max

  Des/Clust/Port     Wire Load Model       Library
  ------------------------------------------------
  UART_TX            tsmc13_wl10           scmetro_tsmc_cl013g_rvt_ff_1p32v_m40c

  Point                                                   Incr       Path
  --------------------------------------------------------------------------
  clock CLK (rise edge)                                   0.00       0.00
  clock network delay (ideal)                             0.00       0.00
  input external delay                                 2604.17    2604.17 r
  Data_Valid (in)                                         0.19    2604.36 r
  serializer/Data_Valid (serializer)                      0.00    2604.36 r
  serializer/U15/Y (NOR2BXLM)                             0.48    2604.84 r
  serializer/U3/Y (BUFX2M)                                0.89    2605.73 r
  serializer/U8/Y (INVX2M)                                0.31    2606.04 f
  serializer/U5/Y (NAND2X2M)                              0.34    2606.37 r
  serializer/U4/Y (INVX2M)                                0.47    2606.84 f
  serializer/U6/Y (NOR2X4M)                               0.69    2607.53 r
  serializer/U24/Y (OAI2BB1X2M)                           0.26    2607.79 r
  serializer/shift_register_reg[2]/D (DFFRQX2M)           0.00    2607.79 r
  data arrival time                                               2607.79

  clock CLK (rise edge)                                8680.56    8680.56
  clock network delay (ideal)                             0.00    8680.56
  clock uncertainty                                      -0.25    8680.31
  serializer/shift_register_reg[2]/CK (DFFRQX2M)          0.00    8680.31 r
  library setup time                                     -0.30    8680.00
  data required time                                              8680.00
  --------------------------------------------------------------------------
  data required time                                              8680.00
  data arrival time                                              -2607.79
  --------------------------------------------------------------------------
  slack (MET)                                                     6072.21


  Startpoint: Data_Valid (input port clocked by CLK)
  Endpoint: serializer/count_reg[2]
            (rising edge-triggered flip-flop clocked by CLK)
  Path Group: INREG
  Path Type: max

  Des/Clust/Port     Wire Load Model       Library
  ------------------------------------------------
  UART_TX            tsmc13_wl10           scmetro_tsmc_cl013g_rvt_ff_1p32v_m40c

  Point                                                   Incr       Path
  --------------------------------------------------------------------------
  clock CLK (rise edge)                                   0.00       0.00
  clock network delay (ideal)                             0.00       0.00
  input external delay                                 2604.17    2604.17 r
  Data_Valid (in)                                         0.19    2604.36 r
  serializer/Data_Valid (serializer)                      0.00    2604.36 r
  serializer/U15/Y (NOR2BXLM)                             0.48    2604.84 r
  serializer/U3/Y (BUFX2M)                                0.89    2605.73 r
  serializer/U8/Y (INVX2M)                                0.31    2606.04 f
  serializer/U5/Y (NAND2X2M)                              0.34    2606.37 r
  serializer/U4/Y (INVX2M)                                0.47    2606.84 f
  serializer/U7/Y (AOI21X2M)                              0.49    2607.33 r
  serializer/U11/Y (OA21X2M)                              0.27    2607.60 r
  serializer/U10/Y (OAI32X1M)                             0.19    2607.80 f
  serializer/count_reg[2]/D (DFFRQX2M)                    0.00    2607.80 f
  data arrival time                                               2607.80

  clock CLK (rise edge)                                8680.56    8680.56
  clock network delay (ideal)                             0.00    8680.56
  clock uncertainty                                      -0.25    8680.31
  serializer/count_reg[2]/CK (DFFRQX2M)                   0.00    8680.31 r
  library setup time                                     -0.17    8680.13
  data required time                                              8680.13
  --------------------------------------------------------------------------
  data required time                                              8680.13
  data arrival time                                              -2607.80
  --------------------------------------------------------------------------
  slack (MET)                                                     6072.33


  Startpoint: Data_Valid (input port clocked by CLK)
  Endpoint: serializer/count_reg[1]
            (rising edge-triggered flip-flop clocked by CLK)
  Path Group: INREG
  Path Type: max

  Des/Clust/Port     Wire Load Model       Library
  ------------------------------------------------
  UART_TX            tsmc13_wl10           scmetro_tsmc_cl013g_rvt_ff_1p32v_m40c

  Point                                                   Incr       Path
  --------------------------------------------------------------------------
  clock CLK (rise edge)                                   0.00       0.00
  clock network delay (ideal)                             0.00       0.00
  input external delay                                 2604.17    2604.17 r
  Data_Valid (in)                                         0.19    2604.36 r
  serializer/Data_Valid (serializer)                      0.00    2604.36 r
  serializer/U15/Y (NOR2BXLM)                             0.48    2604.84 r
  serializer/U3/Y (BUFX2M)                                0.89    2605.73 r
  serializer/U8/Y (INVX2M)                                0.31    2606.04 f
  serializer/U5/Y (NAND2X2M)                              0.34    2606.37 r
  serializer/U4/Y (INVX2M)                                0.47    2606.84 f
  serializer/U7/Y (AOI21X2M)                              0.49    2607.33 r
  serializer/U13/Y (OAI22X1M)                             0.27    2607.60 f
  serializer/count_reg[1]/D (DFFRQX2M)                    0.00    2607.60 f
  data arrival time                                               2607.60

  clock CLK (rise edge)                                8680.56    8680.56
  clock network delay (ideal)                             0.00    8680.56
  clock uncertainty                                      -0.25    8680.31
  serializer/count_reg[1]/CK (DFFRQX2M)                   0.00    8680.31 r
  library setup time                                     -0.18    8680.13
  data required time                                              8680.13
  --------------------------------------------------------------------------
  data required time                                              8680.13
  data arrival time                                              -2607.60
  --------------------------------------------------------------------------
  slack (MET)                                                     6072.53


  Startpoint: Data_Valid (input port clocked by CLK)
  Endpoint: serializer/count_reg[0]
            (rising edge-triggered flip-flop clocked by CLK)
  Path Group: INREG
  Path Type: max

  Des/Clust/Port     Wire Load Model       Library
  ------------------------------------------------
  UART_TX            tsmc13_wl10           scmetro_tsmc_cl013g_rvt_ff_1p32v_m40c

  Point                                                   Incr       Path
  --------------------------------------------------------------------------
  clock CLK (rise edge)                                   0.00       0.00
  clock network delay (ideal)                             0.00       0.00
  input external delay                                 2604.17    2604.17 r
  Data_Valid (in)                                         0.19    2604.36 r
  serializer/Data_Valid (serializer)                      0.00    2604.36 r
  serializer/U15/Y (NOR2BXLM)                             0.48    2604.84 r
  serializer/U3/Y (BUFX2M)                                0.89    2605.73 r
  serializer/U8/Y (INVX2M)                                0.31    2606.04 f
  serializer/U5/Y (NAND2X2M)                              0.34    2606.37 r
  serializer/U12/Y (OAI22X1M)                             0.26    2606.64 f
  serializer/count_reg[0]/D (DFFRQX2M)                    0.00    2606.64 f
  data arrival time                                               2606.64

  clock CLK (rise edge)                                8680.56    8680.56
  clock network delay (ideal)                             0.00    8680.56
  clock uncertainty                                      -0.25    8680.31
  serializer/count_reg[0]/CK (DFFRQX2M)                   0.00    8680.31 r
  library setup time                                     -0.17    8680.13
  data required time                                              8680.13
  --------------------------------------------------------------------------
  data required time                                              8680.13
  data arrival time                                              -2606.64
  --------------------------------------------------------------------------
  slack (MET)                                                     6073.50


  Startpoint: P_DATA[6] (input port clocked by CLK)
  Endpoint: Parity_calc/Par_bit_reg
            (rising edge-triggered flip-flop clocked by CLK)
  Path Group: INREG
  Path Type: max

  Des/Clust/Port     Wire Load Model       Library
  ------------------------------------------------
  UART_TX            tsmc13_wl10           scmetro_tsmc_cl013g_rvt_ff_1p32v_m40c

  Point                                                   Incr       Path
  --------------------------------------------------------------------------
  clock CLK (rise edge)                                   0.00       0.00
  clock network delay (ideal)                             0.00       0.00
  input external delay                                 2604.17    2604.17 r
  P_DATA[6] (in)                                          0.13    2604.30 r
  Parity_calc/P_DATA[6] (Parity_calc)                     0.00    2604.30 r
  Parity_calc/U8/Y (CLKXOR2X2M)                           0.42    2604.72 f
  Parity_calc/U7/Y (XOR3XLM)                              0.40    2605.12 f
  Parity_calc/U4/Y (XOR3XLM)                              0.67    2605.79 f
  Parity_calc/U2/Y (OAI2BB2X1M)                           0.35    2606.14 r
  Parity_calc/Par_bit_reg/D (DFFRQX2M)                    0.00    2606.14 r
  data arrival time                                               2606.14

  clock CLK (rise edge)                                8680.56    8680.56
  clock network delay (ideal)                             0.00    8680.56
  clock uncertainty                                      -0.25    8680.31
  Parity_calc/Par_bit_reg/CK (DFFRQX2M)                   0.00    8680.31 r
  library setup time                                     -0.34    8679.97
  data required time                                              8679.97
  --------------------------------------------------------------------------
  data required time                                              8679.97
  data arrival time                                              -2606.14
  --------------------------------------------------------------------------
  slack (MET)                                                     6073.83


  Startpoint: PAR_EN (input port clocked by CLK)
  Endpoint: FSM/current_state_reg[0]
            (rising edge-triggered flip-flop clocked by CLK)
  Path Group: INREG
  Path Type: max

  Des/Clust/Port     Wire Load Model       Library
  ------------------------------------------------
  UART_TX            tsmc13_wl10           scmetro_tsmc_cl013g_rvt_ff_1p32v_m40c

  Point                                                   Incr       Path
  --------------------------------------------------------------------------
  clock CLK (rise edge)                                   0.00       0.00
  clock network delay (ideal)                             0.00       0.00
  input external delay                                 2604.17    2604.17 r
  PAR_EN (in)                                             0.21    2604.37 r
  FSM/PAR_EN (FSM)                                        0.00    2604.37 r
  FSM/U20/Y (INVX2M)                                      0.13    2604.51 f
  FSM/U19/Y (OAI31X1M)                                    0.45    2604.95 r
  FSM/current_state_reg[0]/D (DFFRQX2M)                   0.00    2604.95 r
  data arrival time                                               2604.95

  clock CLK (rise edge)                                8680.56    8680.56
  clock network delay (ideal)                             0.00    8680.56
  clock uncertainty                                      -0.25    8680.31
  FSM/current_state_reg[0]/CK (DFFRQX2M)                  0.00    8680.31 r
  library setup time                                     -0.37    8679.94
  data required time                                              8679.94
  --------------------------------------------------------------------------
  data required time                                              8679.94
  data arrival time                                              -2604.95
  --------------------------------------------------------------------------
  slack (MET)                                                     6074.99


  Startpoint: PAR_EN (input port clocked by CLK)
  Endpoint: FSM/current_state_reg[1]
            (rising edge-triggered flip-flop clocked by CLK)
  Path Group: INREG
  Path Type: max

  Des/Clust/Port     Wire Load Model       Library
  ------------------------------------------------
  UART_TX            tsmc13_wl10           scmetro_tsmc_cl013g_rvt_ff_1p32v_m40c

  Point                                                   Incr       Path
  --------------------------------------------------------------------------
  clock CLK (rise edge)                                   0.00       0.00
  clock network delay (ideal)                             0.00       0.00
  input external delay                                 2604.17    2604.17 r
  PAR_EN (in)                                             0.21    2604.37 r
  FSM/PAR_EN (FSM)                                        0.00    2604.37 r
  FSM/U18/Y (NOR2X2M)                                     0.13    2604.51 f
  FSM/U17/Y (OAI32X1M)                                    0.29    2604.79 r
  FSM/current_state_reg[1]/D (DFFRQX2M)                   0.00    2604.79 r
  data arrival time                                               2604.79

  clock CLK (rise edge)                                8680.56    8680.56
  clock network delay (ideal)                             0.00    8680.56
  clock uncertainty                                      -0.25    8680.31
  FSM/current_state_reg[1]/CK (DFFRQX2M)                  0.00    8680.31 r
  library setup time                                     -0.38    8679.92
  data required time                                              8679.92
  --------------------------------------------------------------------------
  data required time                                              8679.92
  data arrival time                                              -2604.79
  --------------------------------------------------------------------------
  slack (MET)                                                     6075.13


  Startpoint: PAR_EN (input port clocked by CLK)
  Endpoint: FSM/current_state_reg[2]
            (rising edge-triggered flip-flop clocked by CLK)
  Path Group: INREG
  Path Type: max

  Des/Clust/Port     Wire Load Model       Library
  ------------------------------------------------
  UART_TX            tsmc13_wl10           scmetro_tsmc_cl013g_rvt_ff_1p32v_m40c

  Point                                                   Incr       Path
  --------------------------------------------------------------------------
  clock CLK (rise edge)                                   0.00       0.00
  clock network delay (ideal)                             0.00       0.00
  input external delay                                 2604.17    2604.17 f
  PAR_EN (in)                                             0.13    2604.29 f
  FSM/PAR_EN (FSM)                                        0.00    2604.29 f
  FSM/U10/Y (OAI31X1M)                                    0.50    2604.79 r
  FSM/current_state_reg[2]/D (DFFRX1M)                    0.00    2604.79 r
  data arrival time                                               2604.79

  clock CLK (rise edge)                                8680.56    8680.56
  clock network delay (ideal)                             0.00    8680.56
  clock uncertainty                                      -0.25    8680.31
  FSM/current_state_reg[2]/CK (DFFRX1M)                   0.00    8680.31 r
  library setup time                                     -0.31    8680.00
  data required time                                              8680.00
  --------------------------------------------------------------------------
  data required time                                              8680.00
  data arrival time                                              -2604.79
  --------------------------------------------------------------------------
  slack (MET)                                                     6075.21


  Startpoint: FSM/current_state_reg[1]
              (rising edge-triggered flip-flop clocked by CLK)
  Endpoint: TX_OUT (output port clocked by CLK)
  Path Group: REGOUT
  Path Type: max

  Des/Clust/Port     Wire Load Model       Library
  ------------------------------------------------
  UART_TX            tsmc13_wl10           scmetro_tsmc_cl013g_rvt_ff_1p32v_m40c

  Point                                                   Incr       Path
  --------------------------------------------------------------------------
  clock CLK (rise edge)                                   0.00       0.00
  clock network delay (ideal)                             0.00       0.00
  FSM/current_state_reg[1]/CK (DFFRQX2M)                  0.00       0.00 r
  FSM/current_state_reg[1]/Q (DFFRQX2M)                   0.70       0.70 r
  FSM/U15/Y (NAND2X2M)                                    0.26       0.96 f
  FSM/U14/Y (NOR2X2M)                                     0.38       1.34 r
  FSM/U9/Y (INVX2M)                                       0.21       1.55 f
  FSM/U7/Y (NAND2X2M)                                     0.23       1.78 r
  FSM/mux_sel[1] (FSM)                                    0.00       1.78 r
  MUX/mux_sel[1] (MUX)                                    0.00       1.78 r
  MUX/U7/Y (NOR2BX2M)                                     0.30       2.08 r
  MUX/U4/Y (OAI21X2M)                                     0.16       2.24 f
  MUX/U3/Y (CLKBUFX8M)                                    0.88       3.12 f
  MUX/TX_OUT (MUX)                                        0.00       3.12 f
  TX_OUT (out)                                            0.00       3.12 f
  data arrival time                                                  3.12

  clock CLK (rise edge)                                8680.56    8680.56
  clock network delay (ideal)                             0.00    8680.56
  clock uncertainty                                      -0.25    8680.31
  output external delay                               -2604.17    6076.14
  data required time                                              6076.14
  --------------------------------------------------------------------------
  data required time                                              6076.14
  data arrival time                                                 -3.12
  --------------------------------------------------------------------------
  slack (MET)                                                     6073.01


  Startpoint: FSM/current_state_reg[1]
              (rising edge-triggered flip-flop clocked by CLK)
  Endpoint: Busy (output port clocked by CLK)
  Path Group: REGOUT
  Path Type: max

  Des/Clust/Port     Wire Load Model       Library
  ------------------------------------------------
  UART_TX            tsmc13_wl10           scmetro_tsmc_cl013g_rvt_ff_1p32v_m40c

  Point                                                   Incr       Path
  --------------------------------------------------------------------------
  clock CLK (rise edge)                                   0.00       0.00
  clock network delay (ideal)                             0.00       0.00
  FSM/current_state_reg[1]/CK (DFFRQX2M)                  0.00       0.00 r
  FSM/current_state_reg[1]/Q (DFFRQX2M)                   0.70       0.70 r
  FSM/U15/Y (NAND2X2M)                                    0.26       0.96 f
  FSM/U14/Y (NOR2X2M)                                     0.38       1.34 r
  FSM/U5/Y (AOI21XLM)                                     0.25       1.59 f
  FSM/U3/Y (OA21X2M)                                      0.50       2.09 f
  FSM/U4/Y (INVX8M)                                       0.79       2.88 r
  FSM/busy (FSM)                                          0.00       2.88 r
  Busy (out)                                              0.00       2.88 r
  data arrival time                                                  2.88

  clock CLK (rise edge)                                8680.56    8680.56
  clock network delay (ideal)                             0.00    8680.56
  clock uncertainty                                      -0.25    8680.31
  output external delay                               -2604.17    6076.14
  data required time                                              6076.14
  --------------------------------------------------------------------------
  data required time                                              6076.14
  data arrival time                                                 -2.88
  --------------------------------------------------------------------------
  slack (MET)                                                     6073.26


1
